Archive member included to satisfy reference by file (symbol)

C:/Users/Mathilde/Documents/HEI/HEI4ITI/ProgrammationEmbarquee/hei-2018-2019-lab-sens-it-vignancour-cagin-master/hei-2018-2019-lab-sens-it-vignancour-cagin-master/sensit-sdk-v2.0.0/sdk/lib\libSENSIT_SDK_V2.0.0.a(addon_sigfox_verified_api.o)
                              C:/Users/Mathilde/Documents/HEI/HEI4ITI/ProgrammationEmbarquee/hei-2018-2019-lab-sens-it-vignancour-cagin-master/hei-2018-2019-lab-sens-it-vignancour-cagin-master/sensit-sdk-v2.0.0/sdk/obj/AT_functions.o (ADDON_SIGFOX_VERIFIED_API_get_version)
C:/Users/Mathilde/Documents/HEI/HEI4ITI/ProgrammationEmbarquee/hei-2018-2019-lab-sens-it-vignancour-cagin-master/hei-2018-2019-lab-sens-it-vignancour-cagin-master/sensit-sdk-v2.0.0/sdk/lib\libSENSIT_SDK_V2.0.0.a(mcu_api.o)
                              C:/Users/Mathilde/Documents/HEI/HEI4ITI/ProgrammationEmbarquee/hei-2018-2019-lab-sens-it-vignancour-cagin-master/hei-2018-2019-lab-sens-it-vignancour-cagin-master/sensit-sdk-v2.0.0/sdk/lib\libSENSIT_SDK_V2.0.0.a(addon_sigfox_verified_api.o) (MCU_API_timer_start)
C:/Users/Mathilde/Documents/HEI/HEI4ITI/ProgrammationEmbarquee/hei-2018-2019-lab-sens-it-vignancour-cagin-master/hei-2018-2019-lab-sens-it-vignancour-cagin-master/sensit-sdk-v2.0.0/sdk/lib\libSENSIT_SDK_V2.0.0.a(nvmem_api.o)
                              C:/Users/Mathilde/Documents/HEI/HEI4ITI/ProgrammationEmbarquee/hei-2018-2019-lab-sens-it-vignancour-cagin-master/hei-2018-2019-lab-sens-it-vignancour-cagin-master/sensit-sdk-v2.0.0/sdk/lib\libSENSIT_SDK_V2.0.0.a(mcu_api.o) (NVMEM_API_get_device_id)
C:/Users/Mathilde/Documents/HEI/HEI4ITI/ProgrammationEmbarquee/hei-2018-2019-lab-sens-it-vignancour-cagin-master/hei-2018-2019-lab-sens-it-vignancour-cagin-master/sensit-sdk-v2.0.0/sdk/lib\libSENSIT_SDK_V2.0.0.a(radio.o)
                              C:/Users/Mathilde/Documents/HEI/HEI4ITI/ProgrammationEmbarquee/hei-2018-2019-lab-sens-it-vignancour-cagin-master/hei-2018-2019-lab-sens-it-vignancour-cagin-master/sensit-sdk-v2.0.0/sdk/lib\libSENSIT_SDK_V2.0.0.a(mcu_api.o) (RADIO_is_600bps)
C:/Users/Mathilde/Documents/HEI/HEI4ITI/ProgrammationEmbarquee/hei-2018-2019-lab-sens-it-vignancour-cagin-master/hei-2018-2019-lab-sens-it-vignancour-cagin-master/sensit-sdk-v2.0.0/sdk/lib\libSENSIT_SDK_V2.0.0.a(rtc.o)
                              C:/Users/Mathilde/Documents/HEI/HEI4ITI/ProgrammationEmbarquee/hei-2018-2019-lab-sens-it-vignancour-cagin-master/hei-2018-2019-lab-sens-it-vignancour-cagin-master/sensit-sdk-v2.0.0/sdk/lib\libSENSIT_SDK_V2.0.0.a(mcu_api.o) (RTC_set_rx_timer)
C:/Users/Mathilde/Documents/HEI/HEI4ITI/ProgrammationEmbarquee/hei-2018-2019-lab-sens-it-vignancour-cagin-master/hei-2018-2019-lab-sens-it-vignancour-cagin-master/sensit-sdk-v2.0.0/sdk/lib\libSENSIT_SDK_V2.0.0.a(sensit_api.o)
                              C:/Users/Mathilde/Documents/HEI/HEI4ITI/ProgrammationEmbarquee/hei-2018-2019-lab-sens-it-vignancour-cagin-master/hei-2018-2019-lab-sens-it-vignancour-cagin-master/sensit-sdk-v2.0.0/sdk/obj/AT_functions.o (SENSIT_API_get_sdk_version)
C:/Users/Mathilde/Documents/HEI/HEI4ITI/ProgrammationEmbarquee/hei-2018-2019-lab-sens-it-vignancour-cagin-master/hei-2018-2019-lab-sens-it-vignancour-cagin-master/sensit-sdk-v2.0.0/sdk/lib\libSENSIT_SDK_V2.0.0.a(sigfox_api.o)
                              C:/Users/Mathilde/Documents/HEI/HEI4ITI/ProgrammationEmbarquee/hei-2018-2019-lab-sens-it-vignancour-cagin-master/hei-2018-2019-lab-sens-it-vignancour-cagin-master/sensit-sdk-v2.0.0/sdk/obj/radio_api.o (SIGFOX_API_open)
C:/Users/Mathilde/Documents/HEI/HEI4ITI/ProgrammationEmbarquee/hei-2018-2019-lab-sens-it-vignancour-cagin-master/hei-2018-2019-lab-sens-it-vignancour-cagin-master/sensit-sdk-v2.0.0/sdk/lib\libSENSIT_SDK_V2.0.0.a(sigfox_internal.o)
                              C:/Users/Mathilde/Documents/HEI/HEI4ITI/ProgrammationEmbarquee/hei-2018-2019-lab-sens-it-vignancour-cagin-master/hei-2018-2019-lab-sens-it-vignancour-cagin-master/sensit-sdk-v2.0.0/sdk/lib\libSENSIT_SDK_V2.0.0.a(sigfox_api.o) (SIGFOX_INT_get_max_micro_channel)
C:/Users/Mathilde/Documents/HEI/HEI4ITI/ProgrammationEmbarquee/hei-2018-2019-lab-sens-it-vignancour-cagin-master/hei-2018-2019-lab-sens-it-vignancour-cagin-master/sensit-sdk-v2.0.0/sdk/lib\libSENSIT_SDK_V2.0.0.a(sigfox_pn.o)
                              C:/Users/Mathilde/Documents/HEI/HEI4ITI/ProgrammationEmbarquee/hei-2018-2019-lab-sens-it-vignancour-cagin-master/hei-2018-2019-lab-sens-it-vignancour-cagin-master/sensit-sdk-v2.0.0/sdk/lib\libSENSIT_SDK_V2.0.0.a(sigfox_internal.o) (SIGFOX_PN_next_pn)
C:/Users/Mathilde/Documents/HEI/HEI4ITI/ProgrammationEmbarquee/hei-2018-2019-lab-sens-it-vignancour-cagin-master/hei-2018-2019-lab-sens-it-vignancour-cagin-master/sensit-sdk-v2.0.0/sdk/lib\libSENSIT_SDK_V2.0.0.a(sigfox_scramb.o)
[...]
Memory Configuration

Name             Origin             Length             Attributes
RAM              0x20000000         0x00001800         xrw
ROM              0x08000000         0x00007400         xr
*default*        0x00000000         0xffffffff

Linker script and memory map

LOAD C:/Users/Mathilde/Documents/HEI/HEI4ITI/ProgrammationEmbarquee/hei-2018-2019-lab-sens-it-vignancour-cagin-master/hei-2018-2019-lab-sens-it-vignancour-cagin-master/sensit-sdk-v2.0.0/sdk/obj/error.o
LOAD C:/Users/Mathilde/Documents/HEI/HEI4ITI/ProgrammationEmbarquee/hei-2018-2019-lab-sens-it-vignancour-cagin-master/hei-2018-2019-lab-sens-it-vignancour-cagin-master/sensit-sdk-v2.0.0/sdk/obj/button.o
LOAD C:/Users/Mathilde/Documents/HEI/HEI4ITI/ProgrammationEmbarquee/hei-2018-2019-lab-sens-it-vignancour-cagin-master/hei-2018-2019-lab-sens-it-vignancour-cagin-master/sensit-sdk-v2.0.0/sdk/obj/battery.o
LOAD C:/Users/Mathilde/Documents/HEI/HEI4ITI/ProgrammationEmbarquee/hei-2018-2019-lab-sens-it-vignancour-cagin-master/hei-2018-2019-lab-sens-it-vignancour-cagin-master/sensit-sdk-v2.0.0/sdk/obj/callback.o
LOAD C:/Users/Mathilde/Documents/HEI/HEI4ITI/ProgrammationEmbarquee/hei-2018-2019-lab-sens-it-vignancour-cagin-master/hei-2018-2019-lab-sens-it-vignancour-cagin-master/sensit-sdk-v2.0.0/sdk/obj/serial.o
LOAD C:/Users/Mathilde/Documents/HEI/HEI4ITI/ProgrammationEmbarquee/hei-2018-2019-lab-sens-it-vignancour-cagin-master/hei-2018-2019-lab-sens-it-vignancour-cagin-master/sensit-sdk-v2.0.0/sdk/obj/radio_api.o
LOAD C:/Users/Mathilde/Documents/HEI/HEI4ITI/ProgrammationEmbarquee/hei-2018-2019-lab-sens-it-vignancour-cagin-master/hei-2018-2019-lab-sens-it-vignancour-cagin-master/sensit-sdk-v2.0.0/sdk/obj/etsi.o
LOAD C:/Users/Mathilde/Documents/HEI/HEI4ITI/ProgrammationEmbarquee/hei-2018-2019-lab-sens-it-vignancour-cagin-master/hei-2018-2019-lab-sens-it-vignancour-cagin-master/sensit-sdk-v2.0.0/sdk/obj/fcc.o
LOAD C:/Users/Mathilde/Documents/HEI/HEI4ITI/ProgrammationEmbarquee/hei-2018-2019-lab-sens-it-vignancour-cagin-master/hei-2018-2019-lab-sens-it-vignancour-cagin-master/sensit-sdk-v2.0.0/sdk/obj/hts221.o
LOAD C:/Users/Mathilde/Documents/HEI/HEI4ITI/ProgrammationEmbarquee/hei-2018-2019-lab-sens-it-vignancour-cagin-master/hei-2018-2019-lab-sens-it-vignancour-cagin-master/sensit-sdk-v2.0.0/sdk/obj/ltr329.o
LOAD C:/Users/Mathilde/Documents/HEI/HEI4ITI/ProgrammationEmbarquee/hei-2018-2019-lab-sens-it-vignancour-cagin-master/hei-2018-2019-lab-sens-it-vignancour-cagin-master/sensit-sdk-v2.0.0/sdk/obj/fxos8700.o
LOAD C:/Users/Mathilde/Documents/HEI/HEI4ITI/ProgrammationEmbarquee/hei-2018-2019-lab-sens-it-vignancour-cagin-master/hei-2018-2019-lab-sens-it-vignancour-cagin-master/sensit-sdk-v2.0.0/sdk/obj/AT_parser.o
LOAD C:/Users/Mathilde/Documents/HEI/HEI4ITI/ProgrammationEmbarquee/hei-2018-2019-lab-sens-it-vignancour-cagin-master/hei-2018-2019-lab-sens-it-vignancour-cagin-master/sensit-sdk-v2.0.0/sdk/obj/AT_functions.o
LOAD C:/Users/Mathilde/Documents/HEI/HEI4ITI/ProgrammationEmbarquee/hei-2018-2019-lab-sens-it-vignancour-cagin-master/hei-2018-2019-lab-sens-it-vignancour-cagin-master/sensit-sdk-v2.0.0/sdk/obj/discovery.o
LOAD C:/Users/Mathilde/Documents/HEI/HEI4ITI/ProgrammationEmbarquee/hei-2018-2019-lab-sens-it-vignancour-cagin-master/hei-2018-2019-lab-sens-it-vignancour-cagin-master/sensit-sdk-v2.0.0/sdk/obj/main.o
LOAD C:/Users/Mathilde/Documents/HEI/HEI4ITI/ProgrammationEmbarquee/hei-2018-2019-lab-sens-it-vignancour-cagin-master/hei-2018-2019-lab-sens-it-vignancour-cagin-master/sensit-sdk-v2.0.0/sdk/lib\libSENSIT_SDK_V2.0.0.a
                0x20001800                _estack = 0x20001800
                0x00000000                _Min_Heap_Size = 0x0
                0x00000400                _Min_Stack_Size = 0x400

.isr_vector     0x08000000       0xc0
                0x08000000                . = ALIGN (0x4)
 *(.isr_vector)
 .isr_vector    0x08000000       0xc0 C:/Users/Mathilde/Documents/HEI/HEI4ITI/ProgrammationEmbarquee/hei-2018-2019-lab-sens-it-vignancour-cagin-master/hei-2018-2019-lab-sens-it-vignancour-cagin-master/sensit-sdk-v2.0.0/sdk/lib\libSENSIT_SDK_V2.0.0.a(startup_stm32f042x6.o)
                0x08000000                g_pfnVectors
                0x080000c0                . = ALIGN (0x4)

.text           0x080000c0     0x5b60
                0x080000c0                . = ALIGN (0x4)
 *(.text)
 .text          0x080000c0       0x14 c:/program files (x86)/gnu tools arm embedded/7 2018-q2-update/bin/../lib/gcc/arm-none-eabi/7.3.1/thumb/v6-m\libgcc.a(_thumb1_case_uqi.o)
                0x080000c0                __gnu_thumb1_case_uqi
 .text          0x080000d4       0x14 c:/program files (x86)/gnu tools arm embedded/7 2018-q2-update/bin/../lib/gcc/arm-none-eabi/7.3.1/thumb/v6-m\libgcc.a(_thumb1_case_uhi.o)
                0x080000d4                __gnu_thumb1_case_uhi
 .text          0x080000e8      0x114 c:/program files (x86)/gnu tools arm embedded/7 2018-q2-update/bin/../lib/gcc/arm-none-eabi/7.3.1/thumb/v6-m\libgcc.a(_udivsi3.o)
                0x080000e8                __aeabi_uidiv
                0x080000e8                __udivsi3
                0x080001f4                __aeabi_uidivmod
 .text          0x080001fc      0x1d4 c:/program files (x86)/gnu tools arm embedded/7 2018-q2-update/bin/../lib/gcc/arm-none-eabi/7.3.1/thumb/v6-m\libgcc.a(_divsi3.o)
                0x080001fc                __divsi3
                0x080001fc                __aeabi_idiv
                0x080003c8                __aeabi_idivmod
 .text          0x080003d0        0x4 c:/program files (x86)/gnu tools arm embedded/7 2018-q2-update/bin/../lib/gcc/arm-none-eabi/7.3.1/thumb/v6-m\libgcc.a(_dvmd_tls.o)
                0x080003d0                __aeabi_idiv0
                0x080003d0                __aeabi_ldiv0
 .text          0x080003d4       0x30 c:/program files (x86)/gnu tools arm embedded/7 2018-q2-update/bin/../lib/gcc/arm-none-eabi/7.3.1/thumb/v6-m\libgcc.a(_fixunssfsi.o)
                0x080003d4                __fixunssfsi
                0x080003d4                __aeabi_f2uiz
 .text          0x08000404      0x224 c:/program files (x86)/gnu tools arm embedded/7 2018-q2-update/bin/../lib/gcc/arm-none-eabi/7.3.1/thumb/v6-m\libgcc.a(divsf3.o)
                0x08000404                __aeabi_fdiv
 .text          0x08000628      0x264 c:/program files (x86)/gnu tools arm embedded/7 2018-q2-update/bin/../lib/gcc/arm-none-eabi/7.3.1/thumb/v6-m\libgcc.a(mulsf3.o)
                0x08000628                __aeabi_fmul
 .text          0x0800088c      0x388 c:/program files (x86)/gnu tools arm embedded/7 2018-q2-update/bin/../lib/gcc/arm-none-eabi/7.3.1/thumb/v6-m\libgcc.a(subsf3.o)
                0x0800088c                __aeabi_fsub
 .text          0x08000c14       0x40 c:/program files (x86)/gnu tools arm embedded/7 2018-q2-update/bin/../lib/gcc/arm-none-eabi/7.3.1/thumb/v6-m\libgcc.a(fixsfsi.o)
                0x08000c14                __aeabi_f2iz
 .text          0x08000c54       0x80 c:/program files (x86)/gnu tools arm embedded/7 2018-q2-update/bin/../lib/gcc/arm-none-eabi/7.3.1/thumb/v6-m\libgcc.a(floatunsisf.o)
                0x08000c54                __aeabi_ui2f
 .text          0x08000cd4       0x74 c:/program files (x86)/gnu tools arm embedded/7 2018-q2-update/bin/../lib/gcc/arm-none-eabi/7.3.1/thumb/v6-m\libgcc.a(_arm_cmpsf2.o)
                0x08000cd4                __aeabi_cfrcmple
                0x08000cdc                __aeabi_cfcmpeq
                0x08000cdc                __aeabi_cfcmple
                0x08000cec                __aeabi_fcmpeq
                0x08000cf8                __aeabi_fcmplt
                0x08000d0c                __aeabi_fcmple
                0x08000d20                __aeabi_fcmpgt
                0x08000d34                __aeabi_fcmpge
 .text          0x08000d48       0x3c c:/program files (x86)/gnu tools arm embedded/7 2018-q2-update/bin/../lib/gcc/arm-none-eabi/7.3.1/thumb/v6-m\libgcc.a(_clzsi2.o)
                0x08000d48                __clzsi2
 .text          0x08000d84       0x50 c:/program files (x86)/gnu tools arm embedded/7 2018-q2-update/bin/../lib/gcc/arm-none-eabi/7.3.1/thumb/v6-m\libgcc.a(eqsf2.o)
                0x08000d84                __eqsf2
                0x08000d84                __nesf2
 .text          0x08000dd4       0x9c c:/program files (x86)/gnu tools arm embedded/7 2018-q2-update/bin/../lib/gcc/arm-none-eabi/7.3.1/thumb/v6-m\libgcc.a(gesf2.o)
                0x08000dd4                __gesf2
                0x08000dd4                __gtsf2
 .text          0x08000e70       0xa0 c:/program files (x86)/gnu tools arm embedded/7 2018-q2-update/bin/../lib/gcc/arm-none-eabi/7.3.1/thumb/v6-m\libgcc.a(lesf2.o)
                0x08000e70                __ltsf2
                0x08000e70                __lesf2
 *(.text*)
 .text.ERROR_loop
                0x08000f10       0x44 C:/Users/Mathilde/Documents/HEI/HEI4ITI/ProgrammationEmbarquee/hei-2018-2019-lab-sens-it-vignancour-cagin-master/hei-2018-2019-lab-sens-it-vignancour-cagin-master/sensit-sdk-v2.0.0/sdk/obj/error.o
 .text.ERROR_parser
                0x08000f54       0xcc C:/Users/Mathilde/Documents/HEI/HEI4ITI/ProgrammationEmbarquee/hei-2018-2019-lab-sens-it-vignancour-cagin-master/hei-2018-2019-lab-sens-it-vignancour-cagin-master/sensit-sdk-v2.0.0/sdk/obj/error.o
                0x08000f54                ERROR_parser
 .text.BUTTON_handler
                0x08001020       0x5e C:/Users/Mathilde/Documents/HEI/HEI4ITI/ProgrammationEmbarquee/hei-2018-2019-lab-sens-it-vignancour-cagin-master/hei-2018-2019-lab-sens-it-vignancour-cagin-master/sensit-sdk-v2.0.0/sdk/obj/button.o
                0x08001020                BUTTON_handler
 *fill*         0x0800107e        0x2 
 .text.BATTERY_handler
                0x08001080       0x90 C:/Users/Mathilde/Documents/HEI/HEI4ITI/ProgrammationEmbarquee/hei-2018-2019-lab-sens-it-vignancour-cagin-master/hei-2018-2019-lab-sens-it-vignancour-cagin-master/sensit-sdk-v2.0.0/sdk/obj/battery.o
                0x08001080                BATTERY_handler
 .text.CALLBACK_report_test_result
                0x08001110        0x2 C:/Users/Mathilde/Documents/HEI/HEI4ITI/ProgrammationEmbarquee/hei-2018-2019-lab-sens-it-vignancour-cagin-master/hei-2018-2019-lab-sens-it-vignancour-cagin-master/sensit-sdk-v2.0.0/sdk/obj/callback.o
                0x08001110                CALLBACK_report_test_result
 *fill*         0x08001112        0x2 
 .text.RADIO_API_init
                0x08001114       0x4c C:/Users/Mathilde/Documents/HEI/HEI4ITI/ProgrammationEmbarquee/hei-2018-2019-lab-sens-it-vignancour-cagin-master/hei-2018-2019-lab-sens-it-vignancour-cagin-master/sensit-sdk-v2.0.0/sdk/obj/radio_api.o
                0x08001114                RADIO_API_init
 .text.RADIO_API_send_message
                0x08001160       0x80 C:/Users/Mathilde/Documents/HEI/HEI4ITI/ProgrammationEmbarquee/hei-2018-2019-lab-sens-it-vignancour-cagin-master/hei-2018-2019-lab-sens-it-vignancour-cagin-master/sensit-sdk-v2.0.0/sdk/obj/radio_api.o
                0x08001160                RADIO_API_send_message
 .text.ETSI_handler
                0x080011e0       0x84 C:/Users/Mathilde/Documents/HEI/HEI4ITI/ProgrammationEmbarquee/hei-2018-2019-lab-sens-it-vignancour-cagin-master/hei-2018-2019-lab-sens-it-vignancour-cagin-master/sensit-sdk-v2.0.0/sdk/obj/etsi.o
                0x080011e0                ETSI_handler
 .text.FCC_handler
                0x08001264       0x50 C:/Users/Mathilde/Documents/HEI/HEI4ITI/ProgrammationEmbarquee/hei-2018-2019-lab-sens-it-vignancour-cagin-master/hei-2018-2019-lab-sens-it-vignancour-cagin-master/sensit-sdk-v2.0.0/sdk/obj/fcc.o
                0x08001264                FCC_handler
 .text.HTS221_init
                0x080012b4       0xbc C:/Users/Mathilde/Documents/HEI/HEI4ITI/ProgrammationEmbarquee/hei-2018-2019-lab-sens-it-vignancour-cagin-master/hei-2018-2019-lab-sens-it-vignancour-cagin-master/sensit-sdk-v2.0.0/sdk/obj/hts221.o
                0x080012b4                HTS221_init
 .text.HTS221_measure
                0x08001370       0xdc C:/Users/Mathilde/Documents/HEI/HEI4ITI/ProgrammationEmbarquee/hei-2018-2019-lab-sens-it-vignancour-cagin-master/hei-2018-2019-lab-sens-it-vignancour-cagin-master/sensit-sdk-v2.0.0/sdk/obj/hts221.o
                0x08001370                HTS221_measure
 .text.LTR329_init
                0x0800144c       0x54 C:/Users/Mathilde/Documents/HEI/HEI4ITI/ProgrammationEmbarquee/hei-2018-2019-lab-sens-it-vignancour-cagin-master/hei-2018-2019-lab-sens-it-vignancour-cagin-master/sensit-sdk-v2.0.0/sdk/obj/ltr329.o
                0x0800144c                LTR329_init
 .text.DISCOVERY_build_payload
                0x080014a0      0x108 C:/Users/Mathilde/Documents/HEI/HEI4ITI/ProgrammationEmbarquee/hei-2018-2019-lab-sens-it-vignancour-cagin-master/hei-2018-2019-lab-sens-it-vignancour-cagin-master/sensit-sdk-v2.0.0/sdk/obj/discovery.o
                0x080014a0                DISCOVERY_build_payload
 .text.startup.main
                0x080015a8       0xec C:/Users/Mathilde/Documents/HEI/HEI4ITI/ProgrammationEmbarquee/hei-2018-2019-lab-sens-it-vignancour-cagin-master/hei-2018-2019-lab-sens-it-vignancour-cagin-master/sensit-sdk-v2.0.0/sdk/obj/main.o
                0x080015a8                main
 .text.MCU_API_malloc
                0x08001694       0x14 C:/Users/Mathilde/Documents/HEI/HEI4ITI/ProgrammationEmbarquee/hei-2018-2019-lab-sens-it-vignancour-cagin-master/hei-2018-2019-lab-sens-it-vignancour-cagin-master/sensit-sdk-v2.0.0/sdk/lib\libSENSIT_SDK_V2.0.0.a(mcu_api.o)
                0x08001694                MCU_API_malloc
 .text.MCU_API_free
                0x080016a8        0x4 C:/Users/Mathilde/Documents/HEI/HEI4ITI/ProgrammationEmbarquee/hei-2018-2019-lab-sens-it-vignancour-cagin-master/hei-2018-2019-lab-sens-it-vignancour-cagin-master/sensit-sdk-v2.0.0/sdk/lib\libSENSIT_SDK_V2.0.0.a(mcu_api.o)
                0x080016a8                MCU_API_free
 .text.MCU_API_get_voltage_temperature
                0x080016ac       0x22 C:/Users/Mathilde/Documents/HEI/HEI4ITI/ProgrammationEmbarquee/hei-2018-2019-lab-sens-it-vignancour-cagin-master/hei-2018-2019-lab-sens-it-vignancour-cagin-master/sensit-sdk-v2.0.0/sdk/lib\libSENSIT_SDK_V2.0.0.a(mcu_api.o)
                0x080016ac                MCU_API_get_voltage_temperature
 .text.MCU_API_delay
                0x080016ce       0x3e C:/Users/Mathilde/Documents/HEI/HEI4ITI/ProgrammationEmbarquee/hei-2018-2019-lab-sens-it-vignancour-cagin-master/hei-2018-2019-lab-sens-it-vignancour-cagin-master/sensit-sdk-v2.0.0/sdk/lib\libSENSIT_SDK_V2.0.0.a(mcu_api.o)
                0x080016ce                MCU_API_delay
 .text.MCU_API_aes_128_cbc_encrypt
                0x0800170c       0x62 C:/Users/Mathilde/Documents/HEI/HEI4ITI/ProgrammationEmbarquee/hei-2018-2019-lab-sens-it-vignancour-cagin-master/hei-2018-2019-lab-sens-it-vignancour-cagin-master/sensit-sdk-v2.0.0/sdk/lib\libSENSIT_SDK_V2.0.0.a(mcu_api.o)
                0x0800170c                MCU_API_aes_128_cbc_encrypt
 .text.MCU_API_get_nv_mem
                0x0800176e        0xe C:/Users/Mathilde/Documents/HEI/HEI4ITI/ProgrammationEmbarquee/hei-2018-2019-lab-sens-it-vignancour-cagin-master/hei-2018-2019-lab-sens-it-vignancour-cagin-master/sensit-sdk-v2.0.0/sdk/lib\libSENSIT_SDK_V2.0.0.a(mcu_api.o)
                0x0800176e                MCU_API_get_nv_mem
 .text.MCU_API_set_nv_mem
                0x0800177c       0x16 C:/Users/Mathilde/Documents/HEI/HEI4ITI/ProgrammationEmbarquee/hei-2018-2019-lab-sens-it-vignancour-cagin-master/hei-2018-2019-lab-sens-it-vignancour-cagin-master/sensit-sdk-v2.0.0/sdk/lib\libSENSIT_SDK_V2.0.0.a(mcu_api.o)
                0x0800177c                MCU_API_set_nv_mem
 *fill*         0x08001792        0x2 
 .text.MCU_API_timer_start_carrier_sense
                0x08001794       0x60 C:/Users/Mathilde/Documents/HEI/HEI4ITI/ProgrammationEmbarquee/hei-2018-2019-lab-sens-it-vignancour-cagin-master/hei-2018-2019-lab-sens-it-vignancour-cagin-master/sensit-sdk-v2.0.0/sdk/lib\libSENSIT_SDK_V2.0.0.a(mcu_api.o)
                0x08001794                MCU_API_timer_start_carrier_sense
 .text.TIM16_IRQHandler
                0x080017f4       0x24 C:/Users/Mathilde/Documents/HEI/HEI4ITI/ProgrammationEmbarquee/hei-2018-2019-lab-sens-it-vignancour-cagin-master/hei-2018-2019-lab-sens-it-vignancour-cagin-master/sensit-sdk-v2.0.0/sdk/lib\libSENSIT_SDK_V2.0.0.a(mcu_api.o)
                0x080017f4                TIM16_IRQHandler
 .text.MCU_API_timer_start
                0x08001818        0xc C:/Users/Mathilde/Documents/HEI/HEI4ITI/ProgrammationEmbarquee/hei-2018-2019-lab-sens-it-vignancour-cagin-master/hei-2018-2019-lab-sens-it-vignancour-cagin-master/sensit-sdk-v2.0.0/sdk/lib\libSENSIT_SDK_V2.0.0.a(mcu_api.o)
                0x08001818                MCU_API_timer_start
 .text.MCU_API_timer_stop
                0x08001824        0x4 C:/Users/Mathilde/Documents/HEI/HEI4ITI/ProgrammationEmbarquee/hei-2018-2019-lab-sens-it-vignancour-cagin-master/hei-2018-2019-lab-sens-it-vignancour-cagin-master/sensit-sdk-v2.0.0/sdk/lib\libSENSIT_SDK_V2.0.0.a(mcu_api.o)
                0x08001824                MCU_API_timer_stop
 .text.MCU_API_timer_stop_carrier_sense
                0x08001828       0x38 C:/Users/Mathilde/Documents/HEI/HEI4ITI/ProgrammationEmbarquee/hei-2018-2019-lab-sens-it-vignancour-cagin-master/hei-2018-2019-lab-sens-it-vignancour-cagin-master/sensit-sdk-v2.0.0/sdk/lib\libSENSIT_SDK_V2.0.0.a(mcu_api.o)
                0x08001828                MCU_API_timer_stop_carrier_sense
 .text.MCU_API_timer_wait_for_end
                0x08001860       0x10 C:/Users/Mathilde/Documents/HEI/HEI4ITI/ProgrammationEmbarquee/hei-2018-2019-lab-sens-it-vignancour-cagin-master/hei-2018-2019-lab-sens-it-vignancour-cagin-master/sensit-sdk-v2.0.0/sdk/lib\libSENSIT_SDK_V2.0.0.a(mcu_api.o)
                0x08001860                MCU_API_timer_wait_for_end
 .text.MCU_API_report_test_result
                0x08001870        0xa C:/Users/Mathilde/Documents/HEI/HEI4ITI/ProgrammationEmbarquee/hei-2018-2019-lab-sens-it-vignancour-cagin-master/hei-2018-2019-lab-sens-it-vignancour-cagin-master/sensit-sdk-v2.0.0/sdk/lib\libSENSIT_SDK_V2.0.0.a(mcu_api.o)
                0x08001870                MCU_API_report_test_result
 .text.MCU_API_get_device_id
                0x0800187a       0x12 C:/Users/Mathilde/Documents/HEI/HEI4ITI/ProgrammationEmbarquee/hei-2018-2019-lab-sens-it-vignancour-cagin-master/hei-2018-2019-lab-sens-it-vignancour-cagin-master/sensit-sdk-v2.0.0/sdk/lib\libSENSIT_SDK_V2.0.0.a(mcu_api.o)
                0x0800187a                MCU_API_get_device_id
 .text.NVMEM_API_get_device_id
                0x0800188c       0x2c C:/Users/Mathilde/Documents/HEI/HEI4ITI/ProgrammationEmbarquee/hei-2018-2019-lab-sens-it-vignancour-cagin-master/hei-2018-2019-lab-sens-it-vignancour-cagin-master/sensit-sdk-v2.0.0/sdk/lib\libSENSIT_SDK_V2.0.0.a(nvmem_api.o)
                0x0800188c                NVMEM_API_get_device_id
 .text.NVMEM_API_get_frequency_calibration
                0x080018b8       0x1c C:/Users/Mathilde/Documents/HEI/HEI4ITI/ProgrammationEmbarquee/hei-2018-2019-lab-sens-it-vignancour-cagin-master/hei-2018-2019-lab-sens-it-vignancour-cagin-master/sensit-sdk-v2.0.0/sdk/lib\libSENSIT_SDK_V2.0.0.a(nvmem_api.o)
                0x080018b8                NVMEM_API_get_frequency_calibration
 .text.NVMEM_API_get_radio_configuration
                0x080018d4       0x14 C:/Users/Mathilde/Documents/HEI/HEI4ITI/ProgrammationEmbarquee/hei-2018-2019-lab-sens-it-vignancour-cagin-master/hei-2018-2019-lab-sens-it-vignancour-cagin-master/sensit-sdk-v2.0.0/sdk/lib\libSENSIT_SDK_V2.0.0.a(nvmem_api.o)
                0x080018d4                NVMEM_API_get_radio_configuration
 .text.NVMEM_API_compute_aes
                0x080018e8       0xc8 C:/Users/Mathilde/Documents/HEI/HEI4ITI/ProgrammationEmbarquee/hei-2018-2019-lab-sens-it-vignancour-cagin-master/hei-2018-2019-lab-sens-it-vignancour-cagin-master/sensit-sdk-v2.0.0/sdk/lib\libSENSIT_SDK_V2.0.0.a(nvmem_api.o)
                0x080018e8                NVMEM_API_compute_aes
 .text.NVMEM_API_init_page_index
                0x080019b0       0xb4 C:/Users/Mathilde/Documents/HEI/HEI4ITI/ProgrammationEmbarquee/hei-2018-2019-lab-sens-it-vignancour-cagin-master/hei-2018-2019-lab-sens-it-vignancour-cagin-master/sensit-sdk-v2.0.0/sdk/lib\libSENSIT_SDK_V2.0.0.a(nvmem_api.o)
                0x080019b0                NVMEM_API_init_page_index
 .text.NVMEM_API_init
                0x08001a64       0xa0 C:/Users/Mathilde/Documents/HEI/HEI4ITI/ProgrammationEmbarquee/hei-2018-2019-lab-sens-it-vignancour-cagin-master/hei-2018-2019-lab-sens-it-vignancour-cagin-master/sensit-sdk-v2.0.0/sdk/lib\libSENSIT_SDK_V2.0.0.a(nvmem_api.o)
                0x08001a64                NVMEM_API_init
 .text.NVMEM_API_set_data
                0x08001b04       0xd8 C:/Users/Mathilde/Documents/HEI/HEI4ITI/ProgrammationEmbarquee/hei-2018-2019-lab-sens-it-vignancour-cagin-master/hei-2018-2019-lab-sens-it-vignancour-cagin-master/sensit-sdk-v2.0.0/sdk/lib\libSENSIT_SDK_V2.0.0.a(nvmem_api.o)
                0x08001b04                NVMEM_API_set_data
 .text.NVMEM_API_get_data
                0x08001bdc       0x58 C:/Users/Mathilde/Documents/HEI/HEI4ITI/ProgrammationEmbarquee/hei-2018-2019-lab-sens-it-vignancour-cagin-master/hei-2018-2019-lab-sens-it-vignancour-cagin-master/sensit-sdk-v2.0.0/sdk/lib\libSENSIT_SDK_V2.0.0.a(nvmem_api.o)
                0x08001bdc                NVMEM_API_get_data
 .text.RADIO_init
                0x08001c34       0x1c C:/Users/Mathilde/Documents/HEI/HEI4ITI/ProgrammationEmbarquee/hei-2018-2019-lab-sens-it-vignancour-cagin-master/hei-2018-2019-lab-sens-it-vignancour-cagin-master/sensit-sdk-v2.0.0/sdk/lib\libSENSIT_SDK_V2.0.0.a(radio.o)
                0x08001c34                RADIO_init
 .text.RADIO_power_on
                0x08001c50       0x44 C:/Users/Mathilde/Documents/HEI/HEI4ITI/ProgrammationEmbarquee/hei-2018-2019-lab-sens-it-vignancour-cagin-master/hei-2018-2019-lab-sens-it-vignancour-cagin-master/sensit-sdk-v2.0.0/sdk/lib\libSENSIT_SDK_V2.0.0.a(radio.o)
                0x08001c50                RADIO_power_on
 .text.RADIO_power_off
                0x08001c94       0x2c C:/Users/Mathilde/Documents/HEI/HEI4ITI/ProgrammationEmbarquee/hei-2018-2019-lab-sens-it-vignancour-cagin-master/hei-2018-2019-lab-sens-it-vignancour-cagin-master/sensit-sdk-v2.0.0/sdk/lib\libSENSIT_SDK_V2.0.0.a(radio.o)
                0x08001c94                RADIO_power_off
 .text.RADIO_get_state
                0x08001cc0        0xc C:/Users/Mathilde/Documents/HEI/HEI4ITI/ProgrammationEmbarquee/hei-2018-2019-lab-sens-it-vignancour-cagin-master/hei-2018-2019-lab-sens-it-vignancour-cagin-master/sensit-sdk-v2.0.0/sdk/lib\libSENSIT_SDK_V2.0.0.a(radio.o)
                0x08001cc0                RADIO_get_state
 .text.RADIO_set_rf_line
                0x08001ccc       0x50 C:/Users/Mathilde/Documents/HEI/HEI4ITI/ProgrammationEmbarquee/hei-2018-2019-lab-sens-it-vignancour-cagin-master/hei-2018-2019-lab-sens-it-vignancour-cagin-master/sensit-sdk-v2.0.0/sdk/lib\libSENSIT_SDK_V2.0.0.a(radio.o)
                0x08001ccc                RADIO_set_rf_line
 .text.RADIO_is_600bps
                0x08001d1c       0x18 C:/Users/Mathilde/Documents/HEI/HEI4ITI/ProgrammationEmbarquee/hei-2018-2019-lab-sens-it-vignancour-cagin-master/hei-2018-2019-lab-sens-it-vignancour-cagin-master/sensit-sdk-v2.0.0/sdk/lib\libSENSIT_SDK_V2.0.0.a(radio.o)
                0x08001d1c                RADIO_is_600bps
 .text.RTC_init
                0x08001d34       0x2c C:/Users/Mathilde/Documents/HEI/HEI4ITI/ProgrammationEmbarquee/hei-2018-2019-lab-sens-it-vignancour-cagin-master/hei-2018-2019-lab-sens-it-vignancour-cagin-master/sensit-sdk-v2.0.0/sdk/lib\libSENSIT_SDK_V2.0.0.a(rtc.o)
                0x08001d34                RTC_init
 .text.RTC_get_current_time
                0x08001d60        0xc C:/Users/Mathilde/Documents/HEI/HEI4ITI/ProgrammationEmbarquee/hei-2018-2019-lab-sens-it-vignancour-cagin-master/hei-2018-2019-lab-sens-it-vignancour-cagin-master/sensit-sdk-v2.0.0/sdk/lib\libSENSIT_SDK_V2.0.0.a(rtc.o)
                0x08001d60                RTC_get_current_time
 .text.RTC_set_alarm_timer
                0x08001d6c       0x14 C:/Users/Mathilde/Documents/HEI/HEI4ITI/ProgrammationEmbarquee/hei-2018-2019-lab-sens-it-vignancour-cagin-master/hei-2018-2019-lab-sens-it-vignancour-cagin-master/sensit-sdk-v2.0.0/sdk/lib\libSENSIT_SDK_V2.0.0.a(rtc.o)
                0x08001d6c                RTC_set_alarm_timer
 .text.RTC_set_rx_timer
                0x08001d80        0xc C:/Users/Mathilde/Documents/HEI/HEI4ITI/ProgrammationEmbarquee/hei-2018-2019-lab-sens-it-vignancour-cagin-master/hei-2018-2019-lab-sens-it-vignancour-cagin-master/sensit-sdk-v2.0.0/sdk/lib\libSENSIT_SDK_V2.0.0.a(rtc.o)
                0x08001d80                RTC_set_rx_timer
 .text.RTC_wait_frame
                0x08001d8c       0x2c C:/Users/Mathilde/Documents/HEI/HEI4ITI/ProgrammationEmbarquee/hei-2018-2019-lab-sens-it-vignancour-cagin-master/hei-2018-2019-lab-sens-it-vignancour-cagin-master/sensit-sdk-v2.0.0/sdk/lib\libSENSIT_SDK_V2.0.0.a(rtc.o)
                0x08001d8c                RTC_wait_frame
 .text.RTC_IRQHandler
                0x08001db8       0x68 C:/Users/Mathilde/Documents/HEI/HEI4ITI/ProgrammationEmbarquee/hei-2018-2019-lab-sens-it-vignancour-cagin-master/hei-2018-2019-lab-sens-it-vignancour-cagin-master/sensit-sdk-v2.0.0/sdk/lib\libSENSIT_SDK_V2.0.0.a(rtc.o)
                0x08001db8                RTC_IRQHandler
 .text._init    0x08001e20       0x1c C:/Users/Mathilde/Documents/HEI/HEI4ITI/ProgrammationEmbarquee/hei-2018-2019-lab-sens-it-vignancour-cagin-master/hei-2018-2019-lab-sens-it-vignancour-cagin-master/sensit-sdk-v2.0.0/sdk/lib\libSENSIT_SDK_V2.0.0.a(sensit_api.o)
                0x08001e20                _init
 .text.SENSIT_API_configure_radio
                0x08001e3c       0x2a C:/Users/Mathilde/Documents/HEI/HEI4ITI/ProgrammationEmbarquee/hei-2018-2019-lab-sens-it-vignancour-cagin-master/hei-2018-2019-lab-sens-it-vignancour-cagin-master/sensit-sdk-v2.0.0/sdk/lib\libSENSIT_SDK_V2.0.0.a(sensit_api.o)
                0x08001e3c                SENSIT_API_configure_radio
 .text.SENSIT_API_switch_radio
                0x08001e66       0x38 C:/Users/Mathilde/Documents/HEI/HEI4ITI/ProgrammationEmbarquee/hei-2018-2019-lab-sens-it-vignancour-cagin-master/hei-2018-2019-lab-sens-it-vignancour-cagin-master/sensit-sdk-v2.0.0/sdk/lib\libSENSIT_SDK_V2.0.0.a(sensit_api.o)
                0x08001e66                SENSIT_API_switch_radio
 *fill*         0x08001e9e        0x2 
 .text.SENSIT_API_reset
                0x08001ea0       0x60 C:/Users/Mathilde/Documents/HEI/HEI4ITI/ProgrammationEmbarquee/hei-2018-2019-lab-sens-it-vignancour-cagin-master/hei-2018-2019-lab-sens-it-vignancour-cagin-master/sensit-sdk-v2.0.0/sdk/lib\libSENSIT_SDK_V2.0.0.a(sensit_api.o)
                0x08001ea0                SENSIT_API_reset
 .text.SENSIT_API_sleep
                0x08001f00        0xa C:/Users/Mathilde/Documents/HEI/HEI4ITI/ProgrammationEmbarquee/hei-2018-2019-lab-sens-it-vignancour-cagin-master/hei-2018-2019-lab-sens-it-vignancour-cagin-master/sensit-sdk-v2.0.0/sdk/lib\libSENSIT_SDK_V2.0.0.a(sensit_api.o)
                0x08001f00                SENSIT_API_sleep
 .text.SENSIT_API_set_rtc_alarm
                0x08001f0a        0xa C:/Users/Mathilde/Documents/HEI/HEI4ITI/ProgrammationEmbarquee/hei-2018-2019-lab-sens-it-vignancour-cagin-master/hei-2018-2019-lab-sens-it-vignancour-cagin-master/sensit-sdk-v2.0.0/sdk/lib\libSENSIT_SDK_V2.0.0.a(sensit_api.o)
                0x08001f0a                SENSIT_API_set_rtc_alarm
 .text.SENSIT_API_configure_button
                0x08001f14       0x50 C:/Users/Mathilde/Documents/HEI/HEI4ITI/ProgrammationEmbarquee/hei-2018-2019-lab-sens-it-vignancour-cagin-master/hei-2018-2019-lab-sens-it-vignancour-cagin-master/sensit-sdk-v2.0.0/sdk/lib\libSENSIT_SDK_V2.0.0.a(sensit_api.o)
                0x08001f14                SENSIT_API_configure_button
 .text.SENSIT_API_get_button_state
                0x08001f64       0x14 C:/Users/Mathilde/Documents/HEI/HEI4ITI/ProgrammationEmbarquee/hei-2018-2019-lab-sens-it-vignancour-cagin-master/hei-2018-2019-lab-sens-it-vignancour-cagin-master/sensit-sdk-v2.0.0/sdk/lib\libSENSIT_SDK_V2.0.0.a(sensit_api.o)
                0x08001f64                SENSIT_API_get_button_state
 .text.SENSIT_API_set_rgb_led
                0x08001f78       0x30 C:/Users/Mathilde/Documents/HEI/HEI4ITI/ProgrammationEmbarquee/hei-2018-2019-lab-sens-it-vignancour-cagin-master/hei-2018-2019-lab-sens-it-vignancour-cagin-master/sensit-sdk-v2.0.0/sdk/lib\libSENSIT_SDK_V2.0.0.a(sensit_api.o)
                0x08001f78                SENSIT_API_set_rgb_led
 .text.SENSIT_API_set_white_led
                0x08001fa8       0x18 C:/Users/Mathilde/Documents/HEI/HEI4ITI/ProgrammationEmbarquee/hei-2018-2019-lab-sens-it-vignancour-cagin-master/hei-2018-2019-lab-sens-it-vignancour-cagin-master/sensit-sdk-v2.0.0/sdk/lib\libSENSIT_SDK_V2.0.0.a(sensit_api.o)
                0x08001fa8                SENSIT_API_set_white_led
 .text.SENSIT_API_get_battery_level
                0x08001fc0        0xe C:/Users/Mathilde/Documents/HEI/HEI4ITI/ProgrammationEmbarquee/hei-2018-2019-lab-sens-it-vignancour-cagin-master/hei-2018-2019-lab-sens-it-vignancour-cagin-master/sensit-sdk-v2.0.0/sdk/lib\libSENSIT_SDK_V2.0.0.a(sensit_api.o)
                0x08001fc0                SENSIT_API_get_battery_level
 .text.SENSIT_API_get_current_time
                0x08001fce        0xe C:/Users/Mathilde/Documents/HEI/HEI4ITI/ProgrammationEmbarquee/hei-2018-2019-lab-sens-it-vignancour-cagin-master/hei-2018-2019-lab-sens-it-vignancour-cagin-master/sensit-sdk-v2.0.0/sdk/lib\libSENSIT_SDK_V2.0.0.a(sensit_api.o)
                0x08001fce                SENSIT_API_get_current_time
 .text.SENSIT_API_wait
                0x08001fdc        0xa C:/Users/Mathilde/Documents/HEI/HEI4ITI/ProgrammationEmbarquee/hei-2018-2019-lab-sens-it-vignancour-cagin-master/hei-2018-2019-lab-sens-it-vignancour-cagin-master/sensit-sdk-v2.0.0/sdk/lib\libSENSIT_SDK_V2.0.0.a(sensit_api.o)
                0x08001fdc                SENSIT_API_wait
 .text.SENSIT_API_write_read_i2c_bus
                0x08001fe6       0x20 C:/Users/Mathilde/Documents/HEI/HEI4ITI/ProgrammationEmbarquee/hei-2018-2019-lab-sens-it-vignancour-cagin-master/hei-2018-2019-lab-sens-it-vignancour-cagin-master/sensit-sdk-v2.0.0/sdk/lib\libSENSIT_SDK_V2.0.0.a(sensit_api.o)
                0x08001fe6                SENSIT_API_write_read_i2c_bus
 *fill*         0x08002006        0x2 
 .text.SENSIT_API_reset_device_sequence_number
                0x08002008       0x20 C:/Users/Mathilde/Documents/HEI/HEI4ITI/ProgrammationEmbarquee/hei-2018-2019-lab-sens-it-vignancour-cagin-master/hei-2018-2019-lab-sens-it-vignancour-cagin-master/sensit-sdk-v2.0.0/sdk/lib\libSENSIT_SDK_V2.0.0.a(sensit_api.o)
                0x08002008                SENSIT_API_reset_device_sequence_number
 .text.SIGFOX_API_open
                0x08002028      0x1b4 C:/Users/Mathilde/Documents/HEI/HEI4ITI/ProgrammationEmbarquee/hei-2018-2019-lab-sens-it-vignancour-cagin-master/hei-2018-2019-lab-sens-it-vignancour-cagin-master/sensit-sdk-v2.0.0/sdk/lib\libSENSIT_SDK_V2.0.0.a(sigfox_api.o)
                0x08002028                SIGFOX_API_open
 .text.SIGFOX_API_send_frame
                0x080021dc       0x48 C:/Users/Mathilde/Documents/HEI/HEI4ITI/ProgrammationEmbarquee/hei-2018-2019-lab-sens-it-vignancour-cagin-master/hei-2018-2019-lab-sens-it-vignancour-cagin-master/sensit-sdk-v2.0.0/sdk/lib\libSENSIT_SDK_V2.0.0.a(sigfox_api.o)
                0x080021dc                SIGFOX_API_send_frame
 .text.SIGFOX_API_set_std_config
                0x08002224       0x90 C:/Users/Mathilde/Documents/HEI/HEI4ITI/ProgrammationEmbarquee/hei-2018-2019-lab-sens-it-vignancour-cagin-master/hei-2018-2019-lab-sens-it-vignancour-cagin-master/sensit-sdk-v2.0.0/sdk/lib\libSENSIT_SDK_V2.0.0.a(sigfox_api.o)
                0x08002224                SIGFOX_API_set_std_config
 .text.SIGFOX_INT_randomize
                0x080022b4       0x16 C:/Users/Mathilde/Documents/HEI/HEI4ITI/ProgrammationEmbarquee/hei-2018-2019-lab-sens-it-vignancour-cagin-master/hei-2018-2019-lab-sens-it-vignancour-cagin-master/sensit-sdk-v2.0.0/sdk/lib\libSENSIT_SDK_V2.0.0.a(sigfox_internal.o)
                0x080022b4                SIGFOX_INT_randomize
 .text.SIGFOX_INT_get_max_micro_channel
                0x080022ca       0x30 C:/Users/Mathilde/Documents/HEI/HEI4ITI/ProgrammationEmbarquee/hei-2018-2019-lab-sens-it-vignancour-cagin-master/hei-2018-2019-lab-sens-it-vignancour-cagin-master/sensit-sdk-v2.0.0/sdk/lib\libSENSIT_SDK_V2.0.0.a(sigfox_internal.o)
                0x080022ca                SIGFOX_INT_get_max_micro_channel
 .text.SIGFOX_INT_get_macro_channel_index
                0x080022fa       0x5a C:/Users/Mathilde/Documents/HEI/HEI4ITI/ProgrammationEmbarquee/hei-2018-2019-lab-sens-it-vignancour-cagin-master/hei-2018-2019-lab-sens-it-vignancour-cagin-master/sensit-sdk-v2.0.0/sdk/lib\libSENSIT_SDK_V2.0.0.a(sigfox_internal.o)
                0x080022fa                SIGFOX_INT_get_macro_channel_index
 .text.SIGFOX_INT_dc_lbt_channel_pn_max
                0x08002354       0x30 C:/Users/Mathilde/Documents/HEI/HEI4ITI/ProgrammationEmbarquee/hei-2018-2019-lab-sens-it-vignancour-cagin-master/hei-2018-2019-lab-sens-it-vignancour-cagin-master/sensit-sdk-v2.0.0/sdk/lib\libSENSIT_SDK_V2.0.0.a(sigfox_internal.o)
                0x08002354                SIGFOX_INT_dc_lbt_channel_pn_max
 .text.SIGFOX_INT_dc_lbt_channel_pn_min
                0x08002384       0x22 C:/Users/Mathilde/Documents/HEI/HEI4ITI/ProgrammationEmbarquee/hei-2018-2019-lab-sens-it-vignancour-cagin-master/hei-2018-2019-lab-sens-it-vignancour-cagin-master/sensit-sdk-v2.0.0/sdk/lib\libSENSIT_SDK_V2.0.0.a(sigfox_internal.o)
                0x08002384                SIGFOX_INT_dc_lbt_channel_pn_min
 .text.RETURN_CODE
                0x080023a6        0x8 C:/Users/Mathilde/Documents/HEI/HEI4ITI/ProgrammationEmbarquee/hei-2018-2019-lab-sens-it-vignancour-cagin-master/hei-2018-2019-lab-sens-it-vignancour-cagin-master/sensit-sdk-v2.0.0/sdk/lib\libSENSIT_SDK_V2.0.0.a(sigfox_internal.o)
                0x080023a6                RETURN_CODE
 *fill*         0x080023ae        0x2 
 .text.SIGFOX_INT_compute_channels
                0x080023b0      0x134 C:/Users/Mathilde/Documents/HEI/HEI4ITI/ProgrammationEmbarquee/hei-2018-2019-lab-sens-it-vignancour-cagin-master/hei-2018-2019-lab-sens-it-vignancour-cagin-master/sensit-sdk-v2.0.0/sdk/lib\libSENSIT_SDK_V2.0.0.a(sigfox_internal.o)
                0x080023b0                SIGFOX_INT_compute_channels
 .text.SIGFOX_INT_compute_carrier_sense_frequency
                0x080024e4       0x2e C:/Users/Mathilde/Documents/HEI/HEI4ITI/ProgrammationEmbarquee/hei-2018-2019-lab-sens-it-vignancour-cagin-master/hei-2018-2019-lab-sens-it-vignancour-cagin-master/sensit-sdk-v2.0.0/sdk/lib\libSENSIT_SDK_V2.0.0.a(sigfox_internal.o)
                0x080024e4                SIGFOX_INT_compute_carrier_sense_frequency
 .text.SIGFOX_INT_store_nvm
                0x08002512       0x32 C:/Users/Mathilde/Documents/HEI/HEI4ITI/ProgrammationEmbarquee/hei-2018-2019-lab-sens-it-vignancour-cagin-master/hei-2018-2019-lab-sens-it-vignancour-cagin-master/sensit-sdk-v2.0.0/sdk/lib\libSENSIT_SDK_V2.0.0.a(sigfox_internal.o)
                0x08002512                SIGFOX_INT_store_nvm
 .text.SIGFOX_INT_build_frame
                0x08002544      0x1da C:/Users/Mathilde/Documents/HEI/HEI4ITI/ProgrammationEmbarquee/hei-2018-2019-lab-sens-it-vignancour-cagin-master/hei-2018-2019-lab-sens-it-vignancour-cagin-master/sensit-sdk-v2.0.0/sdk/lib\libSENSIT_SDK_V2.0.0.a(sigfox_internal.o)
                0x08002544                SIGFOX_INT_build_frame
 *fill*         0x0800271e        0x2 
 .text.SIGFOX_INT_prepare_transmission
                0x08002720       0x88 C:/Users/Mathilde/Documents/HEI/HEI4ITI/ProgrammationEmbarquee/hei-2018-2019-lab-sens-it-vignancour-cagin-master/hei-2018-2019-lab-sens-it-vignancour-cagin-master/sensit-sdk-v2.0.0/sdk/lib\libSENSIT_SDK_V2.0.0.a(sigfox_internal.o)
                0x08002720                SIGFOX_INT_prepare_transmission
 .text.SIGFOX_INT_send_single_frame
                0x080027a8       0x98 C:/Users/Mathilde/Documents/HEI/HEI4ITI/ProgrammationEmbarquee/hei-2018-2019-lab-sens-it-vignancour-cagin-master/hei-2018-2019-lab-sens-it-vignancour-cagin-master/sensit-sdk-v2.0.0/sdk/lib\libSENSIT_SDK_V2.0.0.a(sigfox_internal.o)
                0x080027a8                SIGFOX_INT_send_single_frame
 .text.SIGFOX_INT_execute_carrier_sense
                0x08002840       0x3a C:/Users/Mathilde/Documents/HEI/HEI4ITI/ProgrammationEmbarquee/hei-2018-2019-lab-sens-it-vignancour-cagin-master/hei-2018-2019-lab-sens-it-vignancour-cagin-master/sensit-sdk-v2.0.0/sdk/lib\libSENSIT_SDK_V2.0.0.a(sigfox_internal.o)
                0x08002840                SIGFOX_INT_execute_carrier_sense
 .text.SIGFOX_INT_downlink_configuration
                0x0800287a       0x4c C:/Users/Mathilde/Documents/HEI/HEI4ITI/ProgrammationEmbarquee/hei-2018-2019-lab-sens-it-vignancour-cagin-master/hei-2018-2019-lab-sens-it-vignancour-cagin-master/sensit-sdk-v2.0.0/sdk/lib\libSENSIT_SDK_V2.0.0.a(sigfox_internal.o)
                0x0800287a                SIGFOX_INT_downlink_configuration
 .text.SIGFOX_INT_get_received_frames
                0x080028c6      0x10a C:/Users/Mathilde/Documents/HEI/HEI4ITI/ProgrammationEmbarquee/hei-2018-2019-lab-sens-it-vignancour-cagin-master/hei-2018-2019-lab-sens-it-vignancour-cagin-master/sensit-sdk-v2.0.0/sdk/lib\libSENSIT_SDK_V2.0.0.a(sigfox_internal.o)
                0x080028c6                SIGFOX_INT_get_received_frames
 .text.SIGFOX_INT_process_downlink
                0x080029d0       0x46 C:/Users/Mathilde/Documents/HEI/HEI4ITI/ProgrammationEmbarquee/hei-2018-2019-lab-sens-it-vignancour-cagin-master/hei-2018-2019-lab-sens-it-vignancour-cagin-master/sensit-sdk-v2.0.0/sdk/lib\libSENSIT_SDK_V2.0.0.a(sigfox_internal.o)
                0x080029d0                SIGFOX_INT_process_downlink
 *fill*         0x08002a16        0x2 
 .text.SIGFOX_INT_compute_uplink_frequency
                0x08002a18       0x94 C:/Users/Mathilde/Documents/HEI/HEI4ITI/ProgrammationEmbarquee/hei-2018-2019-lab-sens-it-vignancour-cagin-master/hei-2018-2019-lab-sens-it-vignancour-cagin-master/sensit-sdk-v2.0.0/sdk/lib\libSENSIT_SDK_V2.0.0.a(sigfox_internal.o)
                0x08002a18                SIGFOX_INT_compute_uplink_frequency
 .text.SIGFOX_INT_process_uplink
                0x08002aac      0x28c C:/Users/Mathilde/Documents/HEI/HEI4ITI/ProgrammationEmbarquee/hei-2018-2019-lab-sens-it-vignancour-cagin-master/hei-2018-2019-lab-sens-it-vignancour-cagin-master/sensit-sdk-v2.0.0/sdk/lib\libSENSIT_SDK_V2.0.0.a(sigfox_internal.o)
                0x08002aac                SIGFOX_INT_process_uplink
 .text.SIGFOX_INT_execute_communication_sequence
                0x08002d38      0x118 C:/Users/Mathilde/Documents/HEI/HEI4ITI/ProgrammationEmbarquee/hei-2018-2019-lab-sens-it-vignancour-cagin-master/hei-2018-2019-lab-sens-it-vignancour-cagin-master/sensit-sdk-v2.0.0/sdk/lib\libSENSIT_SDK_V2.0.0.a(sigfox_internal.o)
                0x08002d38                SIGFOX_INT_execute_communication_sequence
 .text.SIGFOX_INT_get_device_id
                0x08002e50       0x18 C:/Users/Mathilde/Documents/HEI/HEI4ITI/ProgrammationEmbarquee/hei-2018-2019-lab-sens-it-vignancour-cagin-master/hei-2018-2019-lab-sens-it-vignancour-cagin-master/sensit-sdk-v2.0.0/sdk/lib\libSENSIT_SDK_V2.0.0.a(sigfox_internal.o)
                0x08002e50                SIGFOX_INT_get_device_id
 .text.SIGFOX_PN_next_pn
                0x08002e68       0x50 C:/Users/Mathilde/Documents/HEI/HEI4ITI/ProgrammationEmbarquee/hei-2018-2019-lab-sens-it-vignancour-cagin-master/hei-2018-2019-lab-sens-it-vignancour-cagin-master/sensit-sdk-v2.0.0/sdk/lib\libSENSIT_SDK_V2.0.0.a(sigfox_pn.o)
                0x08002e68                SIGFOX_PN_next_pn
 .text.SIGFOX_SCRAMB_compute
                0x08002eb8       0x8c C:/Users/Mathilde/Documents/HEI/HEI4ITI/ProgrammationEmbarquee/hei-2018-2019-lab-sens-it-vignancour-cagin-master/hei-2018-2019-lab-sens-it-vignancour-cagin-master/sensit-sdk-v2.0.0/sdk/lib\libSENSIT_SDK_V2.0.0.a(sigfox_scramb.o)
                0x08002eb8                SIGFOX_SCRAMB_compute
 .text.SLEEP_handler
                0x08002f44       0x88 C:/Users/Mathilde/Documents/HEI/HEI4ITI/ProgrammationEmbarquee/hei-2018-2019-lab-sens-it-vignancour-cagin-master/hei-2018-2019-lab-sens-it-vignancour-cagin-master/sensit-sdk-v2.0.0/sdk/lib\libSENSIT_SDK_V2.0.0.a(sleep.o)
                0x08002f44                SLEEP_handler
 .text.SPI_init
                0x08002fcc       0x30 C:/Users/Mathilde/Documents/HEI/HEI4ITI/ProgrammationEmbarquee/hei-2018-2019-lab-sens-it-vignancour-cagin-master/hei-2018-2019-lab-sens-it-vignancour-cagin-master/sensit-sdk-v2.0.0/sdk/lib\libSENSIT_SDK_V2.0.0.a(spi.o)
                0x08002fcc                SPI_init
 .text.SPI_disable
                0x08002ffc       0x34 C:/Users/Mathilde/Documents/HEI/HEI4ITI/ProgrammationEmbarquee/hei-2018-2019-lab-sens-it-vignancour-cagin-master/hei-2018-2019-lab-sens-it-vignancour-cagin-master/sensit-sdk-v2.0.0/sdk/lib\libSENSIT_SDK_V2.0.0.a(spi.o)
                0x08002ffc                SPI_disable
 .text.SPI_enable
                0x08003030       0x30 C:/Users/Mathilde/Documents/HEI/HEI4ITI/ProgrammationEmbarquee/hei-2018-2019-lab-sens-it-vignancour-cagin-master/hei-2018-2019-lab-sens-it-vignancour-cagin-master/sensit-sdk-v2.0.0/sdk/lib\libSENSIT_SDK_V2.0.0.a(spi.o)
                0x08003030                SPI_enable
 .text.SPI_write_read
                0x08003060       0x2c C:/Users/Mathilde/Documents/HEI/HEI4ITI/ProgrammationEmbarquee/hei-2018-2019-lab-sens-it-vignancour-cagin-master/hei-2018-2019-lab-sens-it-vignancour-cagin-master/sensit-sdk-v2.0.0/sdk/lib\libSENSIT_SDK_V2.0.0.a(spi.o)
                0x08003060                SPI_write_read
 .text.Reset_Handler
                0x0800308c       0x80 C:/Users/Mathilde/Documents/HEI/HEI4ITI/ProgrammationEmbarquee/hei-2018-2019-lab-sens-it-vignancour-cagin-master/hei-2018-2019-lab-sens-it-vignancour-cagin-master/sensit-sdk-v2.0.0/sdk/lib\libSENSIT_SDK_V2.0.0.a(startup_stm32f042x6.o)
                0x0800308c                Reset_Handler
 .text.Default_Handler
                0x0800310c        0x2 C:/Users/Mathilde/Documents/HEI/HEI4ITI/ProgrammationEmbarquee/hei-2018-2019-lab-sens-it-vignancour-cagin-master/hei-2018-2019-lab-sens-it-vignancour-cagin-master/sensit-sdk-v2.0.0/sdk/lib\libSENSIT_SDK_V2.0.0.a(startup_stm32f042x6.o)
                0x0800310c                TIM1_CC_IRQHandler
                0x0800310c                TSC_IRQHandler
                0x0800310c                SysTick_Handler
                0x0800310c                PendSV_Handler
                0x0800310c                I2C1_IRQHandler
                0x0800310c                RCC_CRS_IRQHandler
                0x0800310c                SPI1_IRQHandler
                0x0800310c                EXTI2_3_IRQHandler
                0x0800310c                ADC1_IRQHandler
                0x0800310c                TIM17_IRQHandler
                0x0800310c                CEC_CAN_IRQHandler
                0x0800310c                PVD_VDDIO2_IRQHandler
                0x0800310c                TIM3_IRQHandler
                0x0800310c                DMA1_Channel1_IRQHandler
                0x0800310c                Default_Handler
                0x0800310c                TIM14_IRQHandler
                0x0800310c                DMA1_Channel4_5_IRQHandler
                0x0800310c                EXTI0_1_IRQHandler
                0x0800310c                SPI2_IRQHandler
                0x0800310c                SVC_Handler
                0x0800310c                DMA1_Channel2_3_IRQHandler
                0x0800310c                USART2_IRQHandler
                0x0800310c                FLASH_IRQHandler
                0x0800310c                TIM1_BRK_UP_TRG_COM_IRQHandler
 *fill*         0x0800310e        0x2 
 .text.SystemInit
                0x08003110      0x178 C:/Users/Mathilde/Documents/HEI/HEI4ITI/ProgrammationEmbarquee/hei-2018-2019-lab-sens-it-vignancour-cagin-master/hei-2018-2019-lab-sens-it-vignancour-cagin-master/sensit-sdk-v2.0.0/sdk/lib\libSENSIT_SDK_V2.0.0.a(system_stm32f0xx.o)
                0x08003110                SystemInit
 .text.SYSTICK_wait_ms
                0x08003288       0x84 C:/Users/Mathilde/Documents/HEI/HEI4ITI/ProgrammationEmbarquee/hei-2018-2019-lab-sens-it-vignancour-cagin-master/hei-2018-2019-lab-sens-it-vignancour-cagin-master/sensit-sdk-v2.0.0/sdk/lib\libSENSIT_SDK_V2.0.0.a(systick.o)
                0x08003288                SYSTICK_wait_ms
 .text.SYSTICK_wait_tick
                0x0800330c       0x38 C:/Users/Mathilde/Documents/HEI/HEI4ITI/ProgrammationEmbarquee/hei-2018-2019-lab-sens-it-vignancour-cagin-master/hei-2018-2019-lab-sens-it-vignancour-cagin-master/sensit-sdk-v2.0.0/sdk/lib\libSENSIT_SDK_V2.0.0.a(systick.o)
                0x0800330c                SYSTICK_wait_tick
 .text.USART1_IRQHandler
                0x08003344       0x68 C:/Users/Mathilde/Documents/HEI/HEI4ITI/ProgrammationEmbarquee/hei-2018-2019-lab-sens-it-vignancour-cagin-master/hei-2018-2019-lab-sens-it-vignancour-cagin-master/sensit-sdk-v2.0.0/sdk/lib\libSENSIT_SDK_V2.0.0.a(uart.o)
                0x08003344                USART1_IRQHandler
 .text.HAL_PCD_SetupStageCallback
                0x080033ac       0x14 C:/Users/Mathilde/Documents/HEI/HEI4ITI/ProgrammationEmbarquee/hei-2018-2019-lab-sens-it-vignancour-cagin-master/hei-2018-2019-lab-sens-it-vignancour-cagin-master/sensit-sdk-v2.0.0/sdk/lib\libSENSIT_SDK_V2.0.0.a(usbd_conf.o)
                0x080033ac                HAL_PCD_SetupStageCallback
 .text.HAL_PCD_DataOutStageCallback
                0x080033c0       0x18 C:/Users/Mathilde/Documents/HEI/HEI4ITI/ProgrammationEmbarquee/hei-2018-2019-lab-sens-it-vignancour-cagin-master/hei-2018-2019-lab-sens-it-vignancour-cagin-master/sensit-sdk-v2.0.0/sdk/lib\libSENSIT_SDK_V2.0.0.a(usbd_conf.o)
                0x080033c0                HAL_PCD_DataOutStageCallback
 .text.HAL_PCD_DataInStageCallback
                0x080033d8       0x16 C:/Users/Mathilde/Documents/HEI/HEI4ITI/ProgrammationEmbarquee/hei-2018-2019-lab-sens-it-vignancour-cagin-master/hei-2018-2019-lab-sens-it-vignancour-cagin-master/sensit-sdk-v2.0.0/sdk/lib\libSENSIT_SDK_V2.0.0.a(usbd_conf.o)
                0x080033d8                HAL_PCD_DataInStageCallback
 .text.HAL_PCD_SOFCallback
                0x080033ee        0xe C:/Users/Mathilde/Documents/HEI/HEI4ITI/ProgrammationEmbarquee/hei-2018-2019-lab-sens-it-vignancour-cagin-master/hei-2018-2019-lab-sens-it-vignancour-cagin-master/sensit-sdk-v2.0.0/sdk/lib\libSENSIT_SDK_V2.0.0.a(usbd_conf.o)
                0x080033ee                HAL_PCD_SOFCallback
 .text.HAL_PCD_ResetCallback
                0x080033fc       0x18 C:/Users/Mathilde/Documents/HEI/HEI4ITI/ProgrammationEmbarquee/hei-2018-2019-lab-sens-it-vignancour-cagin-master/hei-2018-2019-lab-sens-it-vignancour-cagin-master/sensit-sdk-v2.0.0/sdk/lib\libSENSIT_SDK_V2.0.0.a(usbd_conf.o)
                0x080033fc                HAL_PCD_ResetCallback
 .text.HAL_PCD_SuspendCallback
                0x08003414        0xe C:/Users/Mathilde/Documents/HEI/HEI4ITI/ProgrammationEmbarquee/hei-2018-2019-lab-sens-it-vignancour-cagin-master/hei-2018-2019-lab-sens-it-vignancour-cagin-master/sensit-sdk-v2.0.0/sdk/lib\libSENSIT_SDK_V2.0.0.a(usbd_conf.o)
                0x08003414                HAL_PCD_SuspendCallback
 .text.HAL_PCD_ResumeCallback
                0x08003422        0xe C:/Users/Mathilde/Documents/HEI/HEI4ITI/ProgrammationEmbarquee/hei-2018-2019-lab-sens-it-vignancour-cagin-master/hei-2018-2019-lab-sens-it-vignancour-cagin-master/sensit-sdk-v2.0.0/sdk/lib\libSENSIT_SDK_V2.0.0.a(usbd_conf.o)
                0x08003422                HAL_PCD_ResumeCallback
 .text.USBD_LL_OpenEP
                0x08003430       0x16 C:/Users/Mathilde/Documents/HEI/HEI4ITI/ProgrammationEmbarquee/hei-2018-2019-lab-sens-it-vignancour-cagin-master/hei-2018-2019-lab-sens-it-vignancour-cagin-master/sensit-sdk-v2.0.0/sdk/lib\libSENSIT_SDK_V2.0.0.a(usbd_conf.o)
                0x08003430                USBD_LL_OpenEP
 .text.USBD_LL_StallEP
                0x08003446       0x10 C:/Users/Mathilde/Documents/HEI/HEI4ITI/ProgrammationEmbarquee/hei-2018-2019-lab-sens-it-vignancour-cagin-master/hei-2018-2019-lab-sens-it-vignancour-cagin-master/sensit-sdk-v2.0.0/sdk/lib\libSENSIT_SDK_V2.0.0.a(usbd_conf.o)
                0x08003446                USBD_LL_StallEP
 .text.USBD_LL_ClearStallEP
                0x08003456       0x10 C:/Users/Mathilde/Documents/HEI/HEI4ITI/ProgrammationEmbarquee/hei-2018-2019-lab-sens-it-vignancour-cagin-master/hei-2018-2019-lab-sens-it-vignancour-cagin-master/sensit-sdk-v2.0.0/sdk/lib\libSENSIT_SDK_V2.0.0.a(usbd_conf.o)
                0x08003456                USBD_LL_ClearStallEP
 .text.USBD_LL_IsStallEP
                0x08003466       0x26 C:/Users/Mathilde/Documents/HEI/HEI4ITI/ProgrammationEmbarquee/hei-2018-2019-lab-sens-it-vignancour-cagin-master/hei-2018-2019-lab-sens-it-vignancour-cagin-master/sensit-sdk-v2.0.0/sdk/lib\libSENSIT_SDK_V2.0.0.a(usbd_conf.o)
                0x08003466                USBD_LL_IsStallEP
 .text.USBD_LL_SetUSBAddress
                0x0800348c       0x10 C:/Users/Mathilde/Documents/HEI/HEI4ITI/ProgrammationEmbarquee/hei-2018-2019-lab-sens-it-vignancour-cagin-master/hei-2018-2019-lab-sens-it-vignancour-cagin-master/sensit-sdk-v2.0.0/sdk/lib\libSENSIT_SDK_V2.0.0.a(usbd_conf.o)
                0x0800348c                USBD_LL_SetUSBAddress
 .text.USBD_LL_Transmit
                0x0800349c       0x10 C:/Users/Mathilde/Documents/HEI/HEI4ITI/ProgrammationEmbarquee/hei-2018-2019-lab-sens-it-vignancour-cagin-master/hei-2018-2019-lab-sens-it-vignancour-cagin-master/sensit-sdk-v2.0.0/sdk/lib\libSENSIT_SDK_V2.0.0.a(usbd_conf.o)
                0x0800349c                USBD_LL_Transmit
 .text.USBD_LL_PrepareReceive
                0x080034ac       0x10 C:/Users/Mathilde/Documents/HEI/HEI4ITI/ProgrammationEmbarquee/hei-2018-2019-lab-sens-it-vignancour-cagin-master/hei-2018-2019-lab-sens-it-vignancour-cagin-master/sensit-sdk-v2.0.0/sdk/lib\libSENSIT_SDK_V2.0.0.a(usbd_conf.o)
                0x080034ac                USBD_LL_PrepareReceive
 .text.USB_IRQHandler
                0x080034bc       0x10 C:/Users/Mathilde/Documents/HEI/HEI4ITI/ProgrammationEmbarquee/hei-2018-2019-lab-sens-it-vignancour-cagin-master/hei-2018-2019-lab-sens-it-vignancour-cagin-master/sensit-sdk-v2.0.0/sdk/lib\libSENSIT_SDK_V2.0.0.a(usbd_conf.o)
                0x080034bc                USB_IRQHandler
 .text.USBD_SetClassConfig
                0x080034cc       0x1a C:/Users/Mathilde/Documents/HEI/HEI4ITI/ProgrammationEmbarquee/hei-2018-2019-lab-sens-it-vignancour-cagin-master/hei-2018-2019-lab-sens-it-vignancour-cagin-master/sensit-sdk-v2.0.0/sdk/lib\libSENSIT_SDK_V2.0.0.a(usbd_core.o)
                0x080034cc                USBD_SetClassConfig
 .text.USBD_ClrClassConfig
                0x080034e6       0x10 C:/Users/Mathilde/Documents/HEI/HEI4ITI/ProgrammationEmbarquee/hei-2018-2019-lab-sens-it-vignancour-cagin-master/hei-2018-2019-lab-sens-it-vignancour-cagin-master/sensit-sdk-v2.0.0/sdk/lib\libSENSIT_SDK_V2.0.0.a(usbd_core.o)
                0x080034e6                USBD_ClrClassConfig
 *fill*         0x080034f6        0x2 
 .text.USBD_LL_SetupStage
                0x080034f8       0x68 C:/Users/Mathilde/Documents/HEI/HEI4ITI/ProgrammationEmbarquee/hei-2018-2019-lab-sens-it-vignancour-cagin-master/hei-2018-2019-lab-sens-it-vignancour-cagin-master/sensit-sdk-v2.0.0/sdk/lib\libSENSIT_SDK_V2.0.0.a(usbd_core.o)
                0x080034f8                USBD_LL_SetupStage
 .text.USBD_LL_DataOutStage
                0x08003560       0x74 C:/Users/Mathilde/Documents/HEI/HEI4ITI/ProgrammationEmbarquee/hei-2018-2019-lab-sens-it-vignancour-cagin-master/hei-2018-2019-lab-sens-it-vignancour-cagin-master/sensit-sdk-v2.0.0/sdk/lib\libSENSIT_SDK_V2.0.0.a(usbd_core.o)
                0x08003560                USBD_LL_DataOutStage
 .text.USBD_LL_DataInStage
                0x080035d4       0xac C:/Users/Mathilde/Documents/HEI/HEI4ITI/ProgrammationEmbarquee/hei-2018-2019-lab-sens-it-vignancour-cagin-master/hei-2018-2019-lab-sens-it-vignancour-cagin-master/sensit-sdk-v2.0.0/sdk/lib\libSENSIT_SDK_V2.0.0.a(usbd_core.o)
                0x080035d4                USBD_LL_DataInStage
 .text.USBD_LL_Reset
                0x08003680       0x48 C:/Users/Mathilde/Documents/HEI/HEI4ITI/ProgrammationEmbarquee/hei-2018-2019-lab-sens-it-vignancour-cagin-master/hei-2018-2019-lab-sens-it-vignancour-cagin-master/sensit-sdk-v2.0.0/sdk/lib\libSENSIT_SDK_V2.0.0.a(usbd_core.o)
                0x08003680                USBD_LL_Reset
 .text.USBD_LL_SetSpeed
                0x080036c8        0x6 C:/Users/Mathilde/Documents/HEI/HEI4ITI/ProgrammationEmbarquee/hei-2018-2019-lab-sens-it-vignancour-cagin-master/hei-2018-2019-lab-sens-it-vignancour-cagin-master/sensit-sdk-v2.0.0/sdk/lib\libSENSIT_SDK_V2.0.0.a(usbd_core.o)
                0x080036c8                USBD_LL_SetSpeed
 .text.USBD_LL_Suspend
                0x080036ce       0x16 C:/Users/Mathilde/Documents/HEI/HEI4ITI/ProgrammationEmbarquee/hei-2018-2019-lab-sens-it-vignancour-cagin-master/hei-2018-2019-lab-sens-it-vignancour-cagin-master/sensit-sdk-v2.0.0/sdk/lib\libSENSIT_SDK_V2.0.0.a(usbd_core.o)
                0x080036ce                USBD_LL_Suspend
 .text.USBD_LL_Resume
                0x080036e4        0xe C:/Users/Mathilde/Documents/HEI/HEI4ITI/ProgrammationEmbarquee/hei-2018-2019-lab-sens-it-vignancour-cagin-master/hei-2018-2019-lab-sens-it-vignancour-cagin-master/sensit-sdk-v2.0.0/sdk/lib\libSENSIT_SDK_V2.0.0.a(usbd_core.o)
                0x080036e4                USBD_LL_Resume
 .text.USBD_LL_SOF
                0x080036f2       0x1e C:/Users/Mathilde/Documents/HEI/HEI4ITI/ProgrammationEmbarquee/hei-2018-2019-lab-sens-it-vignancour-cagin-master/hei-2018-2019-lab-sens-it-vignancour-cagin-master/sensit-sdk-v2.0.0/sdk/lib\libSENSIT_SDK_V2.0.0.a(usbd_core.o)
                0x080036f2                USBD_LL_SOF
 .text.USBD_CtlError.constprop.0
                0x08003710       0x14 C:/Users/Mathilde/Documents/HEI/HEI4ITI/ProgrammationEmbarquee/hei-2018-2019-lab-sens-it-vignancour-cagin-master/hei-2018-2019-lab-sens-it-vignancour-cagin-master/sensit-sdk-v2.0.0/sdk/lib\libSENSIT_SDK_V2.0.0.a(usbd_ctlreq.o)
 .text.USBD_StdDevReq
                0x08003724      0x224 C:/Users/Mathilde/Documents/HEI/HEI4ITI/ProgrammationEmbarquee/hei-2018-2019-lab-sens-it-vignancour-cagin-master/hei-2018-2019-lab-sens-it-vignancour-cagin-master/sensit-sdk-v2.0.0/sdk/lib\libSENSIT_SDK_V2.0.0.a(usbd_ctlreq.o)
                0x08003724                USBD_StdDevReq
 .text.USBD_StdItfReq
                0x08003948       0x38 C:/Users/Mathilde/Documents/HEI/HEI4ITI/ProgrammationEmbarquee/hei-2018-2019-lab-sens-it-vignancour-cagin-master/hei-2018-2019-lab-sens-it-vignancour-cagin-master/sensit-sdk-v2.0.0/sdk/lib\libSENSIT_SDK_V2.0.0.a(usbd_ctlreq.o)
                0x08003948                USBD_StdItfReq
 .text.USBD_StdEPReq
                0x08003980       0xd4 C:/Users/Mathilde/Documents/HEI/HEI4ITI/ProgrammationEmbarquee/hei-2018-2019-lab-sens-it-vignancour-cagin-master/hei-2018-2019-lab-sens-it-vignancour-cagin-master/sensit-sdk-v2.0.0/sdk/lib\libSENSIT_SDK_V2.0.0.a(usbd_ctlreq.o)
                0x08003980                USBD_StdEPReq
 .text.USBD_ParseSetupRequest
                0x08003a54       0x28 C:/Users/Mathilde/Documents/HEI/HEI4ITI/ProgrammationEmbarquee/hei-2018-2019-lab-sens-it-vignancour-cagin-master/hei-2018-2019-lab-sens-it-vignancour-cagin-master/sensit-sdk-v2.0.0/sdk/lib\libSENSIT_SDK_V2.0.0.a(usbd_ctlreq.o)
                0x08003a54                USBD_ParseSetupRequest
 .text.USBD_CtlSendData
                0x08003a7c       0x1c C:/Users/Mathilde/Documents/HEI/HEI4ITI/ProgrammationEmbarquee/hei-2018-2019-lab-sens-it-vignancour-cagin-master/hei-2018-2019-lab-sens-it-vignancour-cagin-master/sensit-sdk-v2.0.0/sdk/lib\libSENSIT_SDK_V2.0.0.a(usbd_ioreq.o)
                0x08003a7c                USBD_CtlSendData
 .text.USBD_CtlContinueSendData
                0x08003a98       0x10 C:/Users/Mathilde/Documents/HEI/HEI4ITI/ProgrammationEmbarquee/hei-2018-2019-lab-sens-it-vignancour-cagin-master/hei-2018-2019-lab-sens-it-vignancour-cagin-master/sensit-sdk-v2.0.0/sdk/lib\libSENSIT_SDK_V2.0.0.a(usbd_ioreq.o)
                0x08003a98                USBD_CtlContinueSendData
 .text.USBD_CtlContinueRx
                0x08003aa8       0x10 C:/Users/Mathilde/Documents/HEI/HEI4ITI/ProgrammationEmbarquee/hei-2018-2019-lab-sens-it-vignancour-cagin-master/hei-2018-2019-lab-sens-it-vignancour-cagin-master/sensit-sdk-v2.0.0/sdk/lib\libSENSIT_SDK_V2.0.0.a(usbd_ioreq.o)
                0x08003aa8                USBD_CtlContinueRx
 .text.USBD_CtlSendStatus
                0x08003ab8       0x18 C:/Users/Mathilde/Documents/HEI/HEI4ITI/ProgrammationEmbarquee/hei-2018-2019-lab-sens-it-vignancour-cagin-master/hei-2018-2019-lab-sens-it-vignancour-cagin-master/sensit-sdk-v2.0.0/sdk/lib\libSENSIT_SDK_V2.0.0.a(usbd_ioreq.o)
                0x08003ab8                USBD_CtlSendStatus
 .text.USBD_CtlReceiveStatus
                0x08003ad0       0x18 C:/Users/Mathilde/Documents/HEI/HEI4ITI/ProgrammationEmbarquee/hei-2018-2019-lab-sens-it-vignancour-cagin-master/hei-2018-2019-lab-sens-it-vignancour-cagin-master/sensit-sdk-v2.0.0/sdk/lib\libSENSIT_SDK_V2.0.0.a(usbd_ioreq.o)
                0x08003ad0                USBD_CtlReceiveStatus
 .text.WATCHDOG_clear
                0x08003ae8       0x10 C:/Users/Mathilde/Documents/HEI/HEI4ITI/ProgrammationEmbarquee/hei-2018-2019-lab-sens-it-vignancour-cagin-master/hei-2018-2019-lab-sens-it-vignancour-cagin-master/sensit-sdk-v2.0.0/sdk/lib\libSENSIT_SDK_V2.0.0.a(watchdog.o)
                0x08003ae8                WATCHDOG_clear
 .text.ADC_init
                0x08003af8       0x88 C:/Users/Mathilde/Documents/HEI/HEI4ITI/ProgrammationEmbarquee/hei-2018-2019-lab-sens-it-vignancour-cagin-master/hei-2018-2019-lab-sens-it-vignancour-cagin-master/sensit-sdk-v2.0.0/sdk/lib\libSENSIT_SDK_V2.0.0.a(adc.o)
                0x08003af8                ADC_init
 .text.ADC_measure_battery
                0x08003b80       0x84 C:/Users/Mathilde/Documents/HEI/HEI4ITI/ProgrammationEmbarquee/hei-2018-2019-lab-sens-it-vignancour-cagin-master/hei-2018-2019-lab-sens-it-vignancour-cagin-master/sensit-sdk-v2.0.0/sdk/lib\libSENSIT_SDK_V2.0.0.a(adc.o)
                0x08003b80                ADC_measure_battery
 .text.ADC_get_last_battery_level
                0x08003c04        0xc C:/Users/Mathilde/Documents/HEI/HEI4ITI/ProgrammationEmbarquee/hei-2018-2019-lab-sens-it-vignancour-cagin-master/hei-2018-2019-lab-sens-it-vignancour-cagin-master/sensit-sdk-v2.0.0/sdk/lib\libSENSIT_SDK_V2.0.0.a(adc.o)
                0x08003c04                ADC_get_last_battery_level
 .text.ADC_get_battery_level
                0x08003c10       0x10 C:/Users/Mathilde/Documents/HEI/HEI4ITI/ProgrammationEmbarquee/hei-2018-2019-lab-sens-it-vignancour-cagin-master/hei-2018-2019-lab-sens-it-vignancour-cagin-master/sensit-sdk-v2.0.0/sdk/lib\libSENSIT_SDK_V2.0.0.a(adc.o)
                0x08003c10                ADC_get_battery_level
 .text.ADC_measure_temperature
                0x08003c20       0x68 C:/Users/Mathilde/Documents/HEI/HEI4ITI/ProgrammationEmbarquee/hei-2018-2019-lab-sens-it-vignancour-cagin-master/hei-2018-2019-lab-sens-it-vignancour-cagin-master/sensit-sdk-v2.0.0/sdk/lib\libSENSIT_SDK_V2.0.0.a(adc.o)
                0x08003c20                ADC_measure_temperature
 .text.AESEncode
                0x08003c88      0x1c0 C:/Users/Mathilde/Documents/HEI/HEI4ITI/ProgrammationEmbarquee/hei-2018-2019-lab-sens-it-vignancour-cagin-master/hei-2018-2019-lab-sens-it-vignancour-cagin-master/sensit-sdk-v2.0.0/sdk/lib\libSENSIT_SDK_V2.0.0.a(aes.o)
                0x08003c88                AESEncode
 .text.calibReadHSI48clk
                0x08003e48       0x84 C:/Users/Mathilde/Documents/HEI/HEI4ITI/ProgrammationEmbarquee/hei-2018-2019-lab-sens-it-vignancour-cagin-master/hei-2018-2019-lab-sens-it-vignancour-cagin-master/sensit-sdk-v2.0.0/sdk/lib\libSENSIT_SDK_V2.0.0.a(calib.o)
 .text.calibRTCclkIsCalibrated
                0x08003ecc      0x1a0 C:/Users/Mathilde/Documents/HEI/HEI4ITI/ProgrammationEmbarquee/hei-2018-2019-lab-sens-it-vignancour-cagin-master/hei-2018-2019-lab-sens-it-vignancour-cagin-master/sensit-sdk-v2.0.0/sdk/lib\libSENSIT_SDK_V2.0.0.a(calib.o)
                0x08003ecc                calibRTCclkIsCalibrated
 .text.calibHSI48clkIsCalibrated
                0x0800406c       0x90 C:/Users/Mathilde/Documents/HEI/HEI4ITI/ProgrammationEmbarquee/hei-2018-2019-lab-sens-it-vignancour-cagin-master/hei-2018-2019-lab-sens-it-vignancour-cagin-master/sensit-sdk-v2.0.0/sdk/lib\libSENSIT_SDK_V2.0.0.a(calib.o)
                0x0800406c                calibHSI48clkIsCalibrated
 .text.CC1125_send_strobe
                0x080040fc       0x2c C:/Users/Mathilde/Documents/HEI/HEI4ITI/ProgrammationEmbarquee/hei-2018-2019-lab-sens-it-vignancour-cagin-master/hei-2018-2019-lab-sens-it-vignancour-cagin-master/sensit-sdk-v2.0.0/sdk/lib\libSENSIT_SDK_V2.0.0.a(cc1125.o)
                0x080040fc                CC1125_send_strobe
 .text.CC1125_write_reg
                0x08004128       0x54 C:/Users/Mathilde/Documents/HEI/HEI4ITI/ProgrammationEmbarquee/hei-2018-2019-lab-sens-it-vignancour-cagin-master/hei-2018-2019-lab-sens-it-vignancour-cagin-master/sensit-sdk-v2.0.0/sdk/lib\libSENSIT_SDK_V2.0.0.a(cc1125.o)
                0x08004128                CC1125_write_reg
 .text.CC1125_read_reg
                0x0800417c       0x54 C:/Users/Mathilde/Documents/HEI/HEI4ITI/ProgrammationEmbarquee/hei-2018-2019-lab-sens-it-vignancour-cagin-master/hei-2018-2019-lab-sens-it-vignancour-cagin-master/sensit-sdk-v2.0.0/sdk/lib\libSENSIT_SDK_V2.0.0.a(cc1125.o)
                0x0800417c                CC1125_read_reg
 .text.CC1125_output_clock
                0x080041d0       0x18 C:/Users/Mathilde/Documents/HEI/HEI4ITI/ProgrammationEmbarquee/hei-2018-2019-lab-sens-it-vignancour-cagin-master/hei-2018-2019-lab-sens-it-vignancour-cagin-master/sensit-sdk-v2.0.0/sdk/lib\libSENSIT_SDK_V2.0.0.a(cc1125.o)
                0x080041d0                CC1125_output_clock
 .text.CRC_compute
                0x080041e8       0x4c C:/Users/Mathilde/Documents/HEI/HEI4ITI/ProgrammationEmbarquee/hei-2018-2019-lab-sens-it-vignancour-cagin-master/hei-2018-2019-lab-sens-it-vignancour-cagin-master/sensit-sdk-v2.0.0/sdk/lib\libSENSIT_SDK_V2.0.0.a(crc.o)
                0x080041e8                CRC_compute
 .text.FLASH_unlock
                0x08004234       0x3c C:/Users/Mathilde/Documents/HEI/HEI4ITI/ProgrammationEmbarquee/hei-2018-2019-lab-sens-it-vignancour-cagin-master/hei-2018-2019-lab-sens-it-vignancour-cagin-master/sensit-sdk-v2.0.0/sdk/lib\libSENSIT_SDK_V2.0.0.a(flash.o)
                0x08004234                FLASH_unlock
 .text.FLASH_lock
                0x08004270       0x14 C:/Users/Mathilde/Documents/HEI/HEI4ITI/ProgrammationEmbarquee/hei-2018-2019-lab-sens-it-vignancour-cagin-master/hei-2018-2019-lab-sens-it-vignancour-cagin-master/sensit-sdk-v2.0.0/sdk/lib\libSENSIT_SDK_V2.0.0.a(flash.o)
                0x08004270                FLASH_lock
 .text.FLASH_write
                0x08004284       0x40 C:/Users/Mathilde/Documents/HEI/HEI4ITI/ProgrammationEmbarquee/hei-2018-2019-lab-sens-it-vignancour-cagin-master/hei-2018-2019-lab-sens-it-vignancour-cagin-master/sensit-sdk-v2.0.0/sdk/lib\libSENSIT_SDK_V2.0.0.a(flash.o)
                0x08004284                FLASH_write
 .text.FLASH_erase_page
                0x080042c4       0x90 C:/Users/Mathilde/Documents/HEI/HEI4ITI/ProgrammationEmbarquee/hei-2018-2019-lab-sens-it-vignancour-cagin-master/hei-2018-2019-lab-sens-it-vignancour-cagin-master/sensit-sdk-v2.0.0/sdk/lib\libSENSIT_SDK_V2.0.0.a(flash.o)
                0x080042c4                FLASH_erase_page
 .text._handler
                0x08004354       0x44 C:/Users/Mathilde/Documents/HEI/HEI4ITI/ProgrammationEmbarquee/hei-2018-2019-lab-sens-it-vignancour-cagin-master/hei-2018-2019-lab-sens-it-vignancour-cagin-master/sensit-sdk-v2.0.0/sdk/lib\libSENSIT_SDK_V2.0.0.a(gpio.o)
 .text.GPIO_init
                0x08004398       0xcc C:/Users/Mathilde/Documents/HEI/HEI4ITI/ProgrammationEmbarquee/hei-2018-2019-lab-sens-it-vignancour-cagin-master/hei-2018-2019-lab-sens-it-vignancour-cagin-master/sensit-sdk-v2.0.0/sdk/lib\libSENSIT_SDK_V2.0.0.a(gpio.o)
                0x08004398                GPIO_init
 .text.EXTI4_15_IRQHandler
                0x08004464       0x88 C:/Users/Mathilde/Documents/HEI/HEI4ITI/ProgrammationEmbarquee/hei-2018-2019-lab-sens-it-vignancour-cagin-master/hei-2018-2019-lab-sens-it-vignancour-cagin-master/sensit-sdk-v2.0.0/sdk/lib\libSENSIT_SDK_V2.0.0.a(gpio.o)
                0x08004464                EXTI4_15_IRQHandler
 .text.HardFault_Handler
                0x080044ec        0x8 C:/Users/Mathilde/Documents/HEI/HEI4ITI/ProgrammationEmbarquee/hei-2018-2019-lab-sens-it-vignancour-cagin-master/hei-2018-2019-lab-sens-it-vignancour-cagin-master/sensit-sdk-v2.0.0/sdk/lib\libSENSIT_SDK_V2.0.0.a(gpio.o)
                0x080044ec                HardFault_Handler
 .text.NMI_Handler
                0x080044f4        0x8 C:/Users/Mathilde/Documents/HEI/HEI4ITI/ProgrammationEmbarquee/hei-2018-2019-lab-sens-it-vignancour-cagin-master/hei-2018-2019-lab-sens-it-vignancour-cagin-master/sensit-sdk-v2.0.0/sdk/lib\libSENSIT_SDK_V2.0.0.a(gpio.o)
                0x080044f4                NMI_Handler
 .text.WWDG_IRQHandler
                0x080044fc        0x8 C:/Users/Mathilde/Documents/HEI/HEI4ITI/ProgrammationEmbarquee/hei-2018-2019-lab-sens-it-vignancour-cagin-master/hei-2018-2019-lab-sens-it-vignancour-cagin-master/sensit-sdk-v2.0.0/sdk/lib\libSENSIT_SDK_V2.0.0.a(gpio.o)
                0x080044fc                WWDG_IRQHandler
 .text.I2C_init
                0x08004504       0x30 C:/Users/Mathilde/Documents/HEI/HEI4ITI/ProgrammationEmbarquee/hei-2018-2019-lab-sens-it-vignancour-cagin-master/hei-2018-2019-lab-sens-it-vignancour-cagin-master/sensit-sdk-v2.0.0/sdk/lib\libSENSIT_SDK_V2.0.0.a(i2c.o)
                0x08004504                I2C_init
 .text.I2C_write_read
                0x08004534      0x160 C:/Users/Mathilde/Documents/HEI/HEI4ITI/ProgrammationEmbarquee/hei-2018-2019-lab-sens-it-vignancour-cagin-master/hei-2018-2019-lab-sens-it-vignancour-cagin-master/sensit-sdk-v2.0.0/sdk/lib\libSENSIT_SDK_V2.0.0.a(i2c.o)
                0x08004534                I2C_write_read
 .text.LED_set_toggle_color
                0x08004694        0xc C:/Users/Mathilde/Documents/HEI/HEI4ITI/ProgrammationEmbarquee/hei-2018-2019-lab-sens-it-vignancour-cagin-master/hei-2018-2019-lab-sens-it-vignancour-cagin-master/sensit-sdk-v2.0.0/sdk/lib\libSENSIT_SDK_V2.0.0.a(led.o)
                0x08004694                LED_set_toggle_color
 .text.LED_toggle
                0x080046a0       0x5c C:/Users/Mathilde/Documents/HEI/HEI4ITI/ProgrammationEmbarquee/hei-2018-2019-lab-sens-it-vignancour-cagin-master/hei-2018-2019-lab-sens-it-vignancour-cagin-master/sensit-sdk-v2.0.0/sdk/lib\libSENSIT_SDK_V2.0.0.a(led.o)
                0x080046a0                LED_toggle
 .text.my_memcpy
                0x080046fc       0x1c C:/Users/Mathilde/Documents/HEI/HEI4ITI/ProgrammationEmbarquee/hei-2018-2019-lab-sens-it-vignancour-cagin-master/hei-2018-2019-lab-sens-it-vignancour-cagin-master/sensit-sdk-v2.0.0/sdk/lib\libSENSIT_SDK_V2.0.0.a(my_string.o)
                0x080046fc                my_memcpy
 .text.my_memcmp
                0x08004718       0x1c C:/Users/Mathilde/Documents/HEI/HEI4ITI/ProgrammationEmbarquee/hei-2018-2019-lab-sens-it-vignancour-cagin-master/hei-2018-2019-lab-sens-it-vignancour-cagin-master/sensit-sdk-v2.0.0/sdk/lib\libSENSIT_SDK_V2.0.0.a(my_string.o)
                0x08004718                my_memcmp
 .text.RF_API_init
                0x08004734       0x64 C:/Users/Mathilde/Documents/HEI/HEI4ITI/ProgrammationEmbarquee/hei-2018-2019-lab-sens-it-vignancour-cagin-master/hei-2018-2019-lab-sens-it-vignancour-cagin-master/sensit-sdk-v2.0.0/sdk/lib\libSENSIT_SDK_V2.0.0.a(rf_api.o)
                0x08004734                RF_API_init
 .text.RF_API_stop
                0x08004798       0x28 C:/Users/Mathilde/Documents/HEI/HEI4ITI/ProgrammationEmbarquee/hei-2018-2019-lab-sens-it-vignancour-cagin-master/hei-2018-2019-lab-sens-it-vignancour-cagin-master/sensit-sdk-v2.0.0/sdk/lib\libSENSIT_SDK_V2.0.0.a(rf_api.o)
                0x08004798                RF_API_stop
 .text.RF_API_send
                0x080047c0       0x3c C:/Users/Mathilde/Documents/HEI/HEI4ITI/ProgrammationEmbarquee/hei-2018-2019-lab-sens-it-vignancour-cagin-master/hei-2018-2019-lab-sens-it-vignancour-cagin-master/sensit-sdk-v2.0.0/sdk/lib\libSENSIT_SDK_V2.0.0.a(rf_api.o)
                0x080047c0                RF_API_send
 .text.RF_API_change_frequency
                0x080047fc      0x180 C:/Users/Mathilde/Documents/HEI/HEI4ITI/ProgrammationEmbarquee/hei-2018-2019-lab-sens-it-vignancour-cagin-master/hei-2018-2019-lab-sens-it-vignancour-cagin-master/sensit-sdk-v2.0.0/sdk/lib\libSENSIT_SDK_V2.0.0.a(rf_api.o)
                0x080047fc                RF_API_change_frequency
 .text.RF_API_wait_frame
                0x0800497c       0xe0 C:/Users/Mathilde/Documents/HEI/HEI4ITI/ProgrammationEmbarquee/hei-2018-2019-lab-sens-it-vignancour-cagin-master/hei-2018-2019-lab-sens-it-vignancour-cagin-master/sensit-sdk-v2.0.0/sdk/lib\libSENSIT_SDK_V2.0.0.a(rf_api.o)
                0x0800497c                RF_API_wait_frame
 .text.RF_API_wait_for_clear_channel
                0x08004a5c       0xb0 C:/Users/Mathilde/Documents/HEI/HEI4ITI/ProgrammationEmbarquee/hei-2018-2019-lab-sens-it-vignancour-cagin-master/hei-2018-2019-lab-sens-it-vignancour-cagin-master/sensit-sdk-v2.0.0/sdk/lib\libSENSIT_SDK_V2.0.0.a(rf_api.o)
                0x08004a5c                RF_API_wait_for_clear_channel
 .text.SIGFOX_CRC_crc16
                0x08004b0c       0x3c C:/Users/Mathilde/Documents/HEI/HEI4ITI/ProgrammationEmbarquee/hei-2018-2019-lab-sens-it-vignancour-cagin-master/hei-2018-2019-lab-sens-it-vignancour-cagin-master/sensit-sdk-v2.0.0/sdk/lib\libSENSIT_SDK_V2.0.0.a(sigfox_crc.o)
                0x08004b0c                SIGFOX_CRC_crc16
 .text.SIGFOX_CRC_crc8
                0x08004b48       0x34 C:/Users/Mathilde/Documents/HEI/HEI4ITI/ProgrammationEmbarquee/hei-2018-2019-lab-sens-it-vignancour-cagin-master/hei-2018-2019-lab-sens-it-vignancour-cagin-master/sensit-sdk-v2.0.0/sdk/lib\libSENSIT_SDK_V2.0.0.a(sigfox_crc.o)
                0x08004b48                SIGFOX_CRC_crc8
 .text.SIGFOX_DECODE_dewhitening_pn
                0x08004b7c       0x26 C:/Users/Mathilde/Documents/HEI/HEI4ITI/ProgrammationEmbarquee/hei-2018-2019-lab-sens-it-vignancour-cagin-master/hei-2018-2019-lab-sens-it-vignancour-cagin-master/sensit-sdk-v2.0.0/sdk/lib\libSENSIT_SDK_V2.0.0.a(sigfox_decode.o)
 *fill*         0x08004ba2        0x2 
 .text.SIGFOX_DECODE_decode_frame
                0x08004ba4      0x164 C:/Users/Mathilde/Documents/HEI/HEI4ITI/ProgrammationEmbarquee/hei-2018-2019-lab-sens-it-vignancour-cagin-master/hei-2018-2019-lab-sens-it-vignancour-cagin-master/sensit-sdk-v2.0.0/sdk/lib\libSENSIT_SDK_V2.0.0.a(sigfox_decode.o)
                0x08004ba4                SIGFOX_DECODE_decode_frame
 .text.SIGFOX_HMAC_compute_aes
                0x08004d08       0x54 C:/Users/Mathilde/Documents/HEI/HEI4ITI/ProgrammationEmbarquee/hei-2018-2019-lab-sens-it-vignancour-cagin-master/hei-2018-2019-lab-sens-it-vignancour-cagin-master/sensit-sdk-v2.0.0/sdk/lib\libSENSIT_SDK_V2.0.0.a(sigfox_hmac.o)
                0x08004d08                SIGFOX_HMAC_compute_aes
 .text.PCD_WritePMA
                0x08004d5c       0x28 C:/Users/Mathilde/Documents/HEI/HEI4ITI/ProgrammationEmbarquee/hei-2018-2019-lab-sens-it-vignancour-cagin-master/hei-2018-2019-lab-sens-it-vignancour-cagin-master/sensit-sdk-v2.0.0/sdk/lib\libSENSIT_SDK_V2.0.0.a(stm32f0xx_hal_pcd.o)
 .text.PCD_ReadPMA
                0x08004d84       0x20 C:/Users/Mathilde/Documents/HEI/HEI4ITI/ProgrammationEmbarquee/hei-2018-2019-lab-sens-it-vignancour-cagin-master/hei-2018-2019-lab-sens-it-vignancour-cagin-master/sensit-sdk-v2.0.0/sdk/lib\libSENSIT_SDK_V2.0.0.a(stm32f0xx_hal_pcd.o)
 .text.HAL_PCD_SetAddress
                0x08004da4       0x2c C:/Users/Mathilde/Documents/HEI/HEI4ITI/ProgrammationEmbarquee/hei-2018-2019-lab-sens-it-vignancour-cagin-master/hei-2018-2019-lab-sens-it-vignancour-cagin-master/sensit-sdk-v2.0.0/sdk/lib\libSENSIT_SDK_V2.0.0.a(stm32f0xx_hal_pcd.o)
                0x08004da4                HAL_PCD_SetAddress
 .text.HAL_PCD_EP_Open
                0x08004dd0      0x2b0 C:/Users/Mathilde/Documents/HEI/HEI4ITI/ProgrammationEmbarquee/hei-2018-2019-lab-sens-it-vignancour-cagin-master/hei-2018-2019-lab-sens-it-vignancour-cagin-master/sensit-sdk-v2.0.0/sdk/lib\libSENSIT_SDK_V2.0.0.a(stm32f0xx_hal_pcd.o)
                0x08004dd0                HAL_PCD_EP_Open
 .text.HAL_PCD_EP_Receive
                0x08005080       0xe8 C:/Users/Mathilde/Documents/HEI/HEI4ITI/ProgrammationEmbarquee/hei-2018-2019-lab-sens-it-vignancour-cagin-master/hei-2018-2019-lab-sens-it-vignancour-cagin-master/sensit-sdk-v2.0.0/sdk/lib\libSENSIT_SDK_V2.0.0.a(stm32f0xx_hal_pcd.o)
                0x08005080                HAL_PCD_EP_Receive
 .text.HAL_PCD_EP_Transmit
                0x08005168      0x1e4 C:/Users/Mathilde/Documents/HEI/HEI4ITI/ProgrammationEmbarquee/hei-2018-2019-lab-sens-it-vignancour-cagin-master/hei-2018-2019-lab-sens-it-vignancour-cagin-master/sensit-sdk-v2.0.0/sdk/lib\libSENSIT_SDK_V2.0.0.a(stm32f0xx_hal_pcd.o)
                0x08005168                HAL_PCD_EP_Transmit
 .text.HAL_PCD_IRQHandler
                0x0800534c      0x464 C:/Users/Mathilde/Documents/HEI/HEI4ITI/ProgrammationEmbarquee/hei-2018-2019-lab-sens-it-vignancour-cagin-master/hei-2018-2019-lab-sens-it-vignancour-cagin-master/sensit-sdk-v2.0.0/sdk/lib\libSENSIT_SDK_V2.0.0.a(stm32f0xx_hal_pcd.o)
                0x0800534c                HAL_PCD_IRQHandler
 .text.HAL_PCD_EP_SetStall
                0x080057b0       0x90 C:/Users/Mathilde/Documents/HEI/HEI4ITI/ProgrammationEmbarquee/hei-2018-2019-lab-sens-it-vignancour-cagin-master/hei-2018-2019-lab-sens-it-vignancour-cagin-master/sensit-sdk-v2.0.0/sdk/lib\libSENSIT_SDK_V2.0.0.a(stm32f0xx_hal_pcd.o)
                0x080057b0                HAL_PCD_EP_SetStall
 .text.HAL_PCD_EP_ClrStall
                0x08005840       0xbc C:/Users/Mathilde/Documents/HEI/HEI4ITI/ProgrammationEmbarquee/hei-2018-2019-lab-sens-it-vignancour-cagin-master/hei-2018-2019-lab-sens-it-vignancour-cagin-master/sensit-sdk-v2.0.0/sdk/lib\libSENSIT_SDK_V2.0.0.a(stm32f0xx_hal_pcd.o)
                0x08005840                HAL_PCD_EP_ClrStall
 .text.MODULATION_ramp_up
                0x080058fc       0x28 C:/Users/Mathilde/Documents/HEI/HEI4ITI/ProgrammationEmbarquee/hei-2018-2019-lab-sens-it-vignancour-cagin-master/hei-2018-2019-lab-sens-it-vignancour-cagin-master/sensit-sdk-v2.0.0/sdk/lib\libSENSIT_SDK_V2.0.0.a(modulation.o)
 .text.MODULATION_ramp_down
                0x08005924       0x2c C:/Users/Mathilde/Documents/HEI/HEI4ITI/ProgrammationEmbarquee/hei-2018-2019-lab-sens-it-vignancour-cagin-master/hei-2018-2019-lab-sens-it-vignancour-cagin-master/sensit-sdk-v2.0.0/sdk/lib\libSENSIT_SDK_V2.0.0.a(modulation.o)
 .text.MODULATION_init
                0x08005950       0xe0 C:/Users/Mathilde/Documents/HEI/HEI4ITI/ProgrammationEmbarquee/hei-2018-2019-lab-sens-it-vignancour-cagin-master/hei-2018-2019-lab-sens-it-vignancour-cagin-master/sensit-sdk-v2.0.0/sdk/lib\libSENSIT_SDK_V2.0.0.a(modulation.o)
                0x08005950                MODULATION_init
 .text.MODULATION_stop
                0x08005a30       0x3c C:/Users/Mathilde/Documents/HEI/HEI4ITI/ProgrammationEmbarquee/hei-2018-2019-lab-sens-it-vignancour-cagin-master/hei-2018-2019-lab-sens-it-vignancour-cagin-master/sensit-sdk-v2.0.0/sdk/lib\libSENSIT_SDK_V2.0.0.a(modulation.o)
                0x08005a30                MODULATION_stop
 .text.MODULATION_process
                0x08005a6c       0xa4 C:/Users/Mathilde/Documents/HEI/HEI4ITI/ProgrammationEmbarquee/hei-2018-2019-lab-sens-it-vignancour-cagin-master/hei-2018-2019-lab-sens-it-vignancour-cagin-master/sensit-sdk-v2.0.0/sdk/lib\libSENSIT_SDK_V2.0.0.a(modulation.o)
                0x08005a6c                MODULATION_process
 .text.TIM2_IRQHandler
                0x08005b10       0x2c C:/Users/Mathilde/Documents/HEI/HEI4ITI/ProgrammationEmbarquee/hei-2018-2019-lab-sens-it-vignancour-cagin-master/hei-2018-2019-lab-sens-it-vignancour-cagin-master/sensit-sdk-v2.0.0/sdk/lib\libSENSIT_SDK_V2.0.0.a(modulation.o)
                0x08005b10                TIM2_IRQHandler
 .text.__libc_init_array
                0x08005b3c       0x48 c:/program files (x86)/gnu tools arm embedded/7 2018-q2-update/bin/../lib/gcc/arm-none-eabi/7.3.1/../../../../arm-none-eabi/lib/thumb/v6-m\libc.a(lib_a-init.o)
                0x08005b3c                __libc_init_array
 .text.memset   0x08005b84       0x9c c:/program files (x86)/gnu tools arm embedded/7 2018-q2-update/bin/../lib/gcc/arm-none-eabi/7.3.1/../../../../arm-none-eabi/lib/thumb/v6-m\libc.a(lib_a-memset.o)
                0x08005b84                memset
 *(.glue_7)
 .glue_7        0x08005c20        0x0 linker stubs
 *(.glue_7t)
 .glue_7t       0x08005c20        0x0 linker stubs
 *(.eh_frame)
 *(.init)
 *(.fini)
                0x08005c20                . = ALIGN (0x4)
                0x08005c20                _etext = .

.vfp11_veneer   0x08005c20        0x0
 .vfp11_veneer  0x08005c20        0x0 linker stubs

.v4_bx          0x08005c20        0x0
 .v4_bx         0x08005c20        0x0 linker stubs

.iplt           0x08005c20        0x0
 .iplt          0x08005c20        0x0 C:/Users/Mathilde/Documents/HEI/HEI4ITI/ProgrammationEmbarquee/hei-2018-2019-lab-sens-it-vignancour-cagin-master/hei-2018-2019-lab-sens-it-vignancour-cagin-master/sensit-sdk-v2.0.0/sdk/obj/error.o

.rodata         0x08005c20      0x3c4
                0x08005c20                . = ALIGN (0x4)
 *(.rodata)
 .rodata        0x08005c20       0x10 C:/Users/Mathilde/Documents/HEI/HEI4ITI/ProgrammationEmbarquee/hei-2018-2019-lab-sens-it-vignancour-cagin-master/hei-2018-2019-lab-sens-it-vignancour-cagin-master/sensit-sdk-v2.0.0/sdk/lib\libSENSIT_SDK_V2.0.0.a(nvmem_api.o)
 .rodata        0x08005c30       0x34 C:/Users/Mathilde/Documents/HEI/HEI4ITI/ProgrammationEmbarquee/hei-2018-2019-lab-sens-it-vignancour-cagin-master/hei-2018-2019-lab-sens-it-vignancour-cagin-master/sensit-sdk-v2.0.0/sdk/lib\libSENSIT_SDK_V2.0.0.a(sigfox_internal.o)
                0x08005c30                fsync_lut_tx
                0x08005c54                public_key
 .rodata        0x08005c64       0x10 C:/Users/Mathilde/Documents/HEI/HEI4ITI/ProgrammationEmbarquee/hei-2018-2019-lab-sens-it-vignancour-cagin-master/hei-2018-2019-lab-sens-it-vignancour-cagin-master/sensit-sdk-v2.0.0/sdk/lib\libSENSIT_SDK_V2.0.0.a(sigfox_scramb.o)
 .rodata        0x08005c74      0x100 C:/Users/Mathilde/Documents/HEI/HEI4ITI/ProgrammationEmbarquee/hei-2018-2019-lab-sens-it-vignancour-cagin-master/hei-2018-2019-lab-sens-it-vignancour-cagin-master/sensit-sdk-v2.0.0/sdk/lib\libSENSIT_SDK_V2.0.0.a(aes.o)
                0x08005c74                STable
 .rodata        0x08005d74      0x190 C:/Users/Mathilde/Documents/HEI/HEI4ITI/ProgrammationEmbarquee/hei-2018-2019-lab-sens-it-vignancour-cagin-master/hei-2018-2019-lab-sens-it-vignancour-cagin-master/sensit-sdk-v2.0.0/sdk/lib\libSENSIT_SDK_V2.0.0.a(rf_api.o)
 .rodata        0x08005f04       0x20 C:/Users/Mathilde/Documents/HEI/HEI4ITI/ProgrammationEmbarquee/hei-2018-2019-lab-sens-it-vignancour-cagin-master/hei-2018-2019-lab-sens-it-vignancour-cagin-master/sensit-sdk-v2.0.0/sdk/lib\libSENSIT_SDK_V2.0.0.a(sigfox_decode.o)
                0x08005f04                pow_alpha
                0x08005f14                log_alpha
 .rodata        0x08005f24       0x80 c:/program files (x86)/gnu tools arm embedded/7 2018-q2-update/bin/../lib/gcc/arm-none-eabi/7.3.1/thumb/v6-m\libgcc.a(divsf3.o)
 .rodata        0x08005fa4       0x40 c:/program files (x86)/gnu tools arm embedded/7 2018-q2-update/bin/../lib/gcc/arm-none-eabi/7.3.1/thumb/v6-m\libgcc.a(mulsf3.o)
 *(.rodata*)
                0x08005fe4                . = ALIGN (0x4)

.rel.dyn        0x08005fe4        0x0
 .rel.iplt      0x08005fe4        0x0 C:/Users/Mathilde/Documents/HEI/HEI4ITI/ProgrammationEmbarquee/hei-2018-2019-lab-sens-it-vignancour-cagin-master/hei-2018-2019-lab-sens-it-vignancour-cagin-master/sensit-sdk-v2.0.0/sdk/obj/error.o

.ARM.extab      0x08005fe4        0x0
                0x08005fe4                . = ALIGN (0x4)
 *(.ARM.extab* .gnu.linkonce.armextab.*)
                0x08005fe4                . = ALIGN (0x4)

.ARM            0x08005fe4        0x0
                0x08005fe4                . = ALIGN (0x4)
                0x08005fe4                __exidx_start = .
 *(.ARM.exidx*)
                0x08005fe4                __exidx_end = .
                0x08005fe4                . = ALIGN (0x4)

.preinit_array  0x08005fe4        0x0
                0x08005fe4                . = ALIGN (0x4)
                0x08005fe4                PROVIDE (__preinit_array_start = .)
 *(.preinit_array*)
                0x08005fe4                PROVIDE (__preinit_array_end = .)
                0x08005fe4                . = ALIGN (0x4)

.init_array     0x08005fe4        0x0
                0x08005fe4                . = ALIGN (0x4)
                0x08005fe4                PROVIDE (__init_array_start = .)
 *(SORT_BY_NAME(.init_array.*))
 *(.init_array*)
                0x08005fe4                PROVIDE (__init_array_end = .)
                0x08005fe4                . = ALIGN (0x4)

.fini_array     0x08005fe4        0x0
                0x08005fe4                . = ALIGN (0x4)
                [!provide]                PROVIDE (__fini_array_start = .)
 *(SORT_BY_NAME(.fini_array.*))
 *(.fini_array*)
                [!provide]                PROVIDE (__fini_array_end = .)
                0x08005fe4                . = ALIGN (0x4)
                0x08005fe4                _sidata = LOADADDR (.data)

.data           0x20000000      0x1e8 load address 0x08005fe4
                0x20000000                . = ALIGN (0x4)
                0x20000000                _sdata = .
 *(.data)
 .data          0x20000000        0x2 C:/Users/Mathilde/Documents/HEI/HEI4ITI/ProgrammationEmbarquee/hei-2018-2019-lab-sens-it-vignancour-cagin-master/hei-2018-2019-lab-sens-it-vignancour-cagin-master/sensit-sdk-v2.0.0/sdk/obj/battery.o
 *fill*         0x20000002        0x2 
 .data          0x20000004       0xa0 C:/Users/Mathilde/Documents/HEI/HEI4ITI/ProgrammationEmbarquee/hei-2018-2019-lab-sens-it-vignancour-cagin-master/hei-2018-2019-lab-sens-it-vignancour-cagin-master/sensit-sdk-v2.0.0/sdk/obj/radio_api.o
 .data          0x200000a4       0x10 C:/Users/Mathilde/Documents/HEI/HEI4ITI/ProgrammationEmbarquee/hei-2018-2019-lab-sens-it-vignancour-cagin-master/hei-2018-2019-lab-sens-it-vignancour-cagin-master/sensit-sdk-v2.0.0/sdk/obj/main.o
                0x200000a4                firmware_version
 .data          0x200000b4       0x15 C:/Users/Mathilde/Documents/HEI/HEI4ITI/ProgrammationEmbarquee/hei-2018-2019-lab-sens-it-vignancour-cagin-master/hei-2018-2019-lab-sens-it-vignancour-cagin-master/sensit-sdk-v2.0.0/sdk/lib\libSENSIT_SDK_V2.0.0.a(nvmem_api.o)
 .data          0x200000c9        0x1 C:/Users/Mathilde/Documents/HEI/HEI4ITI/ProgrammationEmbarquee/hei-2018-2019-lab-sens-it-vignancour-cagin-master/hei-2018-2019-lab-sens-it-vignancour-cagin-master/sensit-sdk-v2.0.0/sdk/lib\libSENSIT_SDK_V2.0.0.a(radio.o)
 .data          0x200000ca      0x11d C:/Users/Mathilde/Documents/HEI/HEI4ITI/ProgrammationEmbarquee/hei-2018-2019-lab-sens-it-vignancour-cagin-master/hei-2018-2019-lab-sens-it-vignancour-cagin-master/sensit-sdk-v2.0.0/sdk/lib\libSENSIT_SDK_V2.0.0.a(modulation.o)
 *(.data*)
                0x200001e8                . = ALIGN (0x4)
 *fill*         0x200001e7        0x1 
                0x200001e8                _edata = .

.igot.plt       0x200001e8        0x0 load address 0x080061cc
 .igot.plt      0x200001e8        0x0 C:/Users/Mathilde/Documents/HEI/HEI4ITI/ProgrammationEmbarquee/hei-2018-2019-lab-sens-it-vignancour-cagin-master/hei-2018-2019-lab-sens-it-vignancour-cagin-master/sensit-sdk-v2.0.0/sdk/obj/error.o
                0x200001e8                . = ALIGN (0x4)

.bss            0x200001e8      0x5d0 load address 0x080061cc
                0x200001e8                _sbss = .
                0x200001e8                __bss_start__ = _sbss
 *(.bss)
 .bss           0x200001e8        0x1 C:/Users/Mathilde/Documents/HEI/HEI4ITI/ProgrammationEmbarquee/hei-2018-2019-lab-sens-it-vignancour-cagin-master/hei-2018-2019-lab-sens-it-vignancour-cagin-master/sensit-sdk-v2.0.0/sdk/obj/radio_api.o
 *fill*         0x200001e9        0x3 
 .bss           0x200001ec       0x50 C:/Users/Mathilde/Documents/HEI/HEI4ITI/ProgrammationEmbarquee/hei-2018-2019-lab-sens-it-vignancour-cagin-master/hei-2018-2019-lab-sens-it-vignancour-cagin-master/sensit-sdk-v2.0.0/sdk/obj/etsi.o
 .bss           0x2000023c       0x10 C:/Users/Mathilde/Documents/HEI/HEI4ITI/ProgrammationEmbarquee/hei-2018-2019-lab-sens-it-vignancour-cagin-master/hei-2018-2019-lab-sens-it-vignancour-cagin-master/sensit-sdk-v2.0.0/sdk/obj/fcc.o
 .bss           0x2000024c       0x10 C:/Users/Mathilde/Documents/HEI/HEI4ITI/ProgrammationEmbarquee/hei-2018-2019-lab-sens-it-vignancour-cagin-master/hei-2018-2019-lab-sens-it-vignancour-cagin-master/sensit-sdk-v2.0.0/sdk/obj/hts221.o
 .bss           0x2000025c       0xa8 C:/Users/Mathilde/Documents/HEI/HEI4ITI/ProgrammationEmbarquee/hei-2018-2019-lab-sens-it-vignancour-cagin-master/hei-2018-2019-lab-sens-it-vignancour-cagin-master/sensit-sdk-v2.0.0/sdk/lib\libSENSIT_SDK_V2.0.0.a(mcu_api.o)
 .bss           0x20000304       0x14 C:/Users/Mathilde/Documents/HEI/HEI4ITI/ProgrammationEmbarquee/hei-2018-2019-lab-sens-it-vignancour-cagin-master/hei-2018-2019-lab-sens-it-vignancour-cagin-master/sensit-sdk-v2.0.0/sdk/lib\libSENSIT_SDK_V2.0.0.a(nvmem_api.o)
 .bss           0x20000318        0x1 C:/Users/Mathilde/Documents/HEI/HEI4ITI/ProgrammationEmbarquee/hei-2018-2019-lab-sens-it-vignancour-cagin-master/hei-2018-2019-lab-sens-it-vignancour-cagin-master/sensit-sdk-v2.0.0/sdk/lib\libSENSIT_SDK_V2.0.0.a(radio.o)
 *fill*         0x20000319        0x3 
 .bss           0x2000031c        0xc C:/Users/Mathilde/Documents/HEI/HEI4ITI/ProgrammationEmbarquee/hei-2018-2019-lab-sens-it-vignancour-cagin-master/hei-2018-2019-lab-sens-it-vignancour-cagin-master/sensit-sdk-v2.0.0/sdk/lib\libSENSIT_SDK_V2.0.0.a(rtc.o)
                0x2000031c                rtc_current_time
                0x20000320                rtc_alarm_timer
                0x20000324                rx_timer
 .bss           0x20000328        0x1 C:/Users/Mathilde/Documents/HEI/HEI4ITI/ProgrammationEmbarquee/hei-2018-2019-lab-sens-it-vignancour-cagin-master/hei-2018-2019-lab-sens-it-vignancour-cagin-master/sensit-sdk-v2.0.0/sdk/lib\libSENSIT_SDK_V2.0.0.a(sigfox_api.o)
                0x20000328                g_state
 .bss           0x20000329        0x1 C:/Users/Mathilde/Documents/HEI/HEI4ITI/ProgrammationEmbarquee/hei-2018-2019-lab-sens-it-vignancour-cagin-master/hei-2018-2019-lab-sens-it-vignancour-cagin-master/sensit-sdk-v2.0.0/sdk/lib\libSENSIT_SDK_V2.0.0.a(sleep.o)
 .bss           0x2000032a      0x204 C:/Users/Mathilde/Documents/HEI/HEI4ITI/ProgrammationEmbarquee/hei-2018-2019-lab-sens-it-vignancour-cagin-master/hei-2018-2019-lab-sens-it-vignancour-cagin-master/sensit-sdk-v2.0.0/sdk/lib\libSENSIT_SDK_V2.0.0.a(uart.o)
 .bss           0x2000052e        0x1 C:/Users/Mathilde/Documents/HEI/HEI4ITI/ProgrammationEmbarquee/hei-2018-2019-lab-sens-it-vignancour-cagin-master/hei-2018-2019-lab-sens-it-vignancour-cagin-master/sensit-sdk-v2.0.0/sdk/lib\libSENSIT_SDK_V2.0.0.a(usbd_ctlreq.o)
 *fill*         0x2000052f        0x1 
 .bss           0x20000530        0x4 C:/Users/Mathilde/Documents/HEI/HEI4ITI/ProgrammationEmbarquee/hei-2018-2019-lab-sens-it-vignancour-cagin-master/hei-2018-2019-lab-sens-it-vignancour-cagin-master/sensit-sdk-v2.0.0/sdk/lib\libSENSIT_SDK_V2.0.0.a(adc.o)
 .bss           0x20000534        0xc C:/Users/Mathilde/Documents/HEI/HEI4ITI/ProgrammationEmbarquee/hei-2018-2019-lab-sens-it-vignancour-cagin-master/hei-2018-2019-lab-sens-it-vignancour-cagin-master/sensit-sdk-v2.0.0/sdk/lib\libSENSIT_SDK_V2.0.0.a(calib.o)
 .bss           0x20000540        0x1 C:/Users/Mathilde/Documents/HEI/HEI4ITI/ProgrammationEmbarquee/hei-2018-2019-lab-sens-it-vignancour-cagin-master/hei-2018-2019-lab-sens-it-vignancour-cagin-master/sensit-sdk-v2.0.0/sdk/lib\libSENSIT_SDK_V2.0.0.a(led.o)
 *fill*         0x20000541        0x3 
 .bss           0x20000544       0x1d C:/Users/Mathilde/Documents/HEI/HEI4ITI/ProgrammationEmbarquee/hei-2018-2019-lab-sens-it-vignancour-cagin-master/hei-2018-2019-lab-sens-it-vignancour-cagin-master/sensit-sdk-v2.0.0/sdk/lib\libSENSIT_SDK_V2.0.0.a(modulation.o)
 *(.bss*)
 *(COMMON)
 COMMON         0x20000561        0x1 C:/Users/Mathilde/Documents/HEI/HEI4ITI/ProgrammationEmbarquee/hei-2018-2019-lab-sens-it-vignancour-cagin-master/hei-2018-2019-lab-sens-it-vignancour-cagin-master/sensit-sdk-v2.0.0/sdk/obj/error.o
                0x20000561                pending_interrupt
 *fill*         0x20000562        0x2 
 COMMON         0x20000564        0x9 C:/Users/Mathilde/Documents/HEI/HEI4ITI/ProgrammationEmbarquee/hei-2018-2019-lab-sens-it-vignancour-cagin-master/hei-2018-2019-lab-sens-it-vignancour-cagin-master/sensit-sdk-v2.0.0/sdk/lib\libSENSIT_SDK_V2.0.0.a(mcu_api.o)
                0x20000564                sleep_end
                0x20000568                cs_timer
                0x2000056c                tx_end
 *fill*         0x2000056d        0x3 
 COMMON         0x20000570        0x4 C:/Users/Mathilde/Documents/HEI/HEI4ITI/ProgrammationEmbarquee/hei-2018-2019-lab-sens-it-vignancour-cagin-master/hei-2018-2019-lab-sens-it-vignancour-cagin-master/sensit-sdk-v2.0.0/sdk/lib\libSENSIT_SDK_V2.0.0.a(rtc.o)
                0x20000570                rtc_alarm_reload
 COMMON         0x20000574        0x4 C:/Users/Mathilde/Documents/HEI/HEI4ITI/ProgrammationEmbarquee/hei-2018-2019-lab-sens-it-vignancour-cagin-master/hei-2018-2019-lab-sens-it-vignancour-cagin-master/sensit-sdk-v2.0.0/sdk/lib\libSENSIT_SDK_V2.0.0.a(sigfox_api.o)
                0x20000574                rs
 COMMON         0x20000578      0x220 C:/Users/Mathilde/Documents/HEI/HEI4ITI/ProgrammationEmbarquee/hei-2018-2019-lab-sens-it-vignancour-cagin-master/hei-2018-2019-lab-sens-it-vignancour-cagin-master/sensit-sdk-v2.0.0/sdk/lib\libSENSIT_SDK_V2.0.0.a(usbd_conf.o)
                0x20000578                hpcd_USB_FS
 COMMON         0x20000798       0x20 C:/Users/Mathilde/Documents/HEI/HEI4ITI/ProgrammationEmbarquee/hei-2018-2019-lab-sens-it-vignancour-cagin-master/hei-2018-2019-lab-sens-it-vignancour-cagin-master/sensit-sdk-v2.0.0/sdk/lib\libSENSIT_SDK_V2.0.0.a(sigfox_hmac.o)
                0x20000798                aes_in
                0x200007b8                . = ALIGN (0x4)
                0x200007b8                _ebss = .
                0x200007b8                __bss_end__ = _ebss

._user_heap_stack
                0x200007b8      0x400 load address 0x080061cc
                0x200007b8                . = ALIGN (0x8)
                [!provide]                PROVIDE (end = .)
                [!provide]                PROVIDE (_end = .)
                0x200007b8                . = (. + _Min_Heap_Size)
                0x20000bb8                . = (. + _Min_Stack_Size)
 *fill*         0x200007b8      0x400 
                0x20000bb8                . = ALIGN (0x8)

/DISCARD/
 libc.a(*)
 libm.a(*)
 libgcc.a(*)

.ARM.attributes
                0x00000000       0x2f
 *(.ARM.attributes)
 .ARM.attributes
                0x00000000       0x31 C:/Users/Mathilde/Documents/HEI/HEI4ITI/ProgrammationEmbarquee/hei-2018-2019-lab-sens-it-vignancour-cagin-master/hei-2018-2019-lab-sens-it-vignancour-cagin-master/sensit-sdk-v2.0.0/sdk/obj/error.o
 .ARM.attributes
                0x00000031       0x31 C:/Users/Mathilde/Documents/HEI/HEI4ITI/ProgrammationEmbarquee/hei-2018-2019-lab-sens-it-vignancour-cagin-master/hei-2018-2019-lab-sens-it-vignancour-cagin-master/sensit-sdk-v2.0.0/sdk/obj/button.o
 .ARM.attributes
                0x00000062       0x31 C:/Users/Mathilde/Documents/HEI/HEI4ITI/ProgrammationEmbarquee/hei-2018-2019-lab-sens-it-vignancour-cagin-master/hei-2018-2019-lab-sens-it-vignancour-cagin-master/sensit-sdk-v2.0.0/sdk/obj/battery.o
 .ARM.attributes
                0x00000093       0x31 C:/Users/Mathilde/Documents/HEI/HEI4ITI/ProgrammationEmbarquee/hei-2018-2019-lab-sens-it-vignancour-cagin-master/hei-2018-2019-lab-sens-it-vignancour-cagin-master/sensit-sdk-v2.0.0/sdk/obj/callback.o
 .ARM.attributes
                0x000000c4       0x31 C:/Users/Mathilde/Documents/HEI/HEI4ITI/ProgrammationEmbarquee/hei-2018-2019-lab-sens-it-vignancour-cagin-master/hei-2018-2019-lab-sens-it-vignancour-cagin-master/sensit-sdk-v2.0.0/sdk/obj/radio_api.o
 .ARM.attributes
                0x000000f5       0x31 C:/Users/Mathilde/Documents/HEI/HEI4ITI/ProgrammationEmbarquee/hei-2018-2019-lab-sens-it-vignancour-cagin-master/hei-2018-2019-lab-sens-it-vignancour-cagin-master/sensit-sdk-v2.0.0/sdk/obj/etsi.o
 .ARM.attributes
                0x00000126       0x31 C:/Users/Mathilde/Documents/HEI/HEI4ITI/ProgrammationEmbarquee/hei-2018-2019-lab-sens-it-vignancour-cagin-master/hei-2018-2019-lab-sens-it-vignancour-cagin-master/sensit-sdk-v2.0.0/sdk/obj/fcc.o
 .ARM.attributes
                0x00000157       0x31 C:/Users/Mathilde/Documents/HEI/HEI4ITI/ProgrammationEmbarquee/hei-2018-2019-lab-sens-it-vignancour-cagin-master/hei-2018-2019-lab-sens-it-vignancour-cagin-master/sensit-sdk-v2.0.0/sdk/obj/hts221.o
 .ARM.attributes
                0x00000188       0x31 C:/Users/Mathilde/Documents/HEI/HEI4ITI/ProgrammationEmbarquee/hei-2018-2019-lab-sens-it-vignancour-cagin-master/hei-2018-2019-lab-sens-it-vignancour-cagin-master/sensit-sdk-v2.0.0/sdk/obj/ltr329.o
 .ARM.attributes